Component: ARM Compiler 5.06 update 6 (build 750) Tool: armlink [4d35ed]

==============================================================================

Section Cross References

    startup_stm32f407xx.o(RESET) refers to startup_stm32f407xx.o(STACK) for __initial_sp
    startup_stm32f407xx.o(RESET) refers to startup_stm32f407xx.o(.text) for Reset_Handler
    startup_stm32f407xx.o(RESET) refers to stm32f4xx_it.o(i.NMI_Handler) for NMI_Handler
    startup_stm32f407xx.o(RESET) refers to stm32f4xx_it.o(i.HardFault_Handler) for HardFault_Handler
    startup_stm32f407xx.o(RESET) refers to stm32f4xx_it.o(i.MemManage_Handler) for MemManage_Handler
    startup_stm32f407xx.o(RESET) refers to stm32f4xx_it.o(i.BusFault_Handler) for BusFault_Handler
    startup_stm32f407xx.o(RESET) refers to stm32f4xx_it.o(i.UsageFault_Handler) for UsageFault_Handler
    startup_stm32f407xx.o(RESET) refers to port.o(.emb_text) for SVC_Handler
    startup_stm32f407xx.o(RESET) refers to stm32f4xx_it.o(i.DebugMon_Handler) for DebugMon_Handler
    startup_stm32f407xx.o(RESET) refers to port.o(i.SysTick_Handler) for SysTick_Handler
    startup_stm32f407xx.o(RESET) refers to stm32f4xx_it.o(i.DMA1_Stream1_IRQHandler) for DMA1_Stream1_IRQHandler
    startup_stm32f407xx.o(RESET) refers to stm32f4xx_it.o(i.DMA1_Stream5_IRQHandler) for DMA1_Stream5_IRQHandler
    startup_stm32f407xx.o(RESET) refers to stm32f4xx_it.o(i.TIM1_UP_TIM10_IRQHandler) for TIM1_UP_TIM10_IRQHandler
    startup_stm32f407xx.o(RESET) refers to stm32f4xx_it.o(i.TIM1_TRG_COM_TIM11_IRQHandler) for TIM1_TRG_COM_TIM11_IRQHandler
    startup_stm32f407xx.o(RESET) refers to stm32f4xx_it.o(i.USART1_IRQHandler) for USART1_IRQHandler
    startup_stm32f407xx.o(RESET) refers to stm32f4xx_it.o(i.USART2_IRQHandler) for USART2_IRQHandler
    startup_stm32f407xx.o(RESET) refers to bsp_laser.o(i.USART3_IRQHandler) for USART3_IRQHandler
    startup_stm32f407xx.o(RESET) refers to stm32f4xx_it.o(i.TIM8_UP_TIM13_IRQHandler) for TIM8_UP_TIM13_IRQHandler
    startup_stm32f407xx.o(RESET) refers to stm32f4xx_it.o(i.TIM8_TRG_COM_TIM14_IRQHandler) for TIM8_TRG_COM_TIM14_IRQHandler
    startup_stm32f407xx.o(RESET) refers to stm32f4xx_it.o(i.TIM6_DAC_IRQHandler) for TIM6_DAC_IRQHandler
    startup_stm32f407xx.o(RESET) refers to stm32f4xx_it.o(i.DMA2_Stream1_IRQHandler) for DMA2_Stream1_IRQHandler
    startup_stm32f407xx.o(RESET) refers to stm32f4xx_it.o(i.DMA2_Stream2_IRQHandler) for DMA2_Stream2_IRQHandler
    startup_stm32f407xx.o(RESET) refers to stm32f4xx_it.o(i.DMA2_Stream7_IRQHandler) for DMA2_Stream7_IRQHandler
    startup_stm32f407xx.o(RESET) refers to bsp_laser.o(i.USART6_IRQHandler) for USART6_IRQHandler
    startup_stm32f407xx.o(.text) refers to system_stm32f4xx.o(i.SystemInit) for SystemInit
    startup_stm32f407xx.o(.text) refers to entry.o(.ARM.Collect$$$$00000000) for __main
    motion_control.o(i.amp_confine) refers to motion_control.o(.data) for .data
    motion_control.o(i.kinematic_analysis) refers to motion_control.o(.data) for .data
    motion_control.o(i.motor_test) refers to stm32f4xx_hal_gpio.o(i.HAL_GPIO_WritePin) for HAL_GPIO_WritePin
    motion_control.o(i.motor_test) refers to stm32f4xx_hal.o(i.HAL_Delay) for HAL_Delay
    motion_control.o(i.motor_test) refers to motion_control.o(.data) for .data
    motion_control.o(i.read_encoder) refers to motion_control.o(.data) for .data
    motion_control.o(i.set_ccr) refers to motion_control.o(i.amp_confine) for amp_confine
    motion_control.o(i.set_ccr) refers to stm32f4xx_hal_gpio.o(i.HAL_GPIO_WritePin) for HAL_GPIO_WritePin
    pid.o(i.ALL_PID_Init) refers to pid.o(i.PIDInit) for PIDInit
    pid.o(i.ALL_PID_Init) refers to pid.o(.bss) for .bss
    pid.o(i.PID_Position) refers to pid.o(.data) for .data
    pid.o(i.PID_Position_float) refers to pid.o(.data) for .data
    run.o(i.Calculate_Displacement) refers to dflti.o(.text) for __aeabi_i2d
    run.o(i.Calculate_Displacement) refers to dmul.o(.text) for __aeabi_dmul
    run.o(i.Calculate_Displacement) refers to ddiv.o(.text) for __aeabi_ddiv
    run.o(i.Calculate_Displacement) refers to run.o(.bss) for .bss
    run.o(i.Calculate_Displacement) refers to run.o(.data) for .data
    run.o(i.Calculate_Position) refers to run.o(.bss) for .bss
    run.o(i.Calculate_Position) refers to run.o(.data) for .data
    run.o(i.Clear_Displacement) refers to run.o(.data) for .data
    run.o(i.Clear_Displacement) refers to run.o(.bss) for .bss
    run.o(i.CopeSerial2Data) refers to run.o(.bss) for .bss
    run.o(i.CopeSerial2Data) refers to run.o(.data) for .data
    run.o(i.HAL_UART_RxCpltCallback) refers to cmsis_os.o(i.osSemaphoreRelease) for osSemaphoreRelease
    run.o(i.HAL_UART_RxCpltCallback) refers to freertos.o(.data) for ISR_ReadHWT_SemHandle
    run.o(i.OpenMV_Init) refers to stm32f4xx_hal_uart.o(i.HAL_UART_Receive_DMA) for HAL_UART_Receive_DMA
    run.o(i.OpenMV_Init) refers to usart.o(.bss) for huart2
    run.o(i.OpenMV_Init) refers to run.o(.bss) for .bss
[...]
    xMinimumEverFreeBytesRemaining           0x20000190   Data           4  heap_4.o(.data)
    xBlockAllocatedBit                       0x20000194   Data           4  heap_4.o(.data)
    xStart                                   0x20000198   Data           8  heap_4.o(.data)
    .data                                    0x200001a0   Section       12  port.o(.data)
    ucMaxSysCallPriority                     0x200001a0   Data           1  port.o(.data)
    uxCriticalNesting                        0x200001a4   Data           4  port.o(.data)
    ulMaxPRIGROUPValue                       0x200001a8   Data           4  port.o(.data)
    .data                                    0x200001ac   Section        4  stdout.o(.data)
    .bss                                     0x200001b0   Section     1088  pid.o(.bss)
    .bss                                     0x200005f0   Section      278  run.o(.bss)
    ucRxBuffer                               0x2000060c   Data         250  run.o(.bss)
    .bss                                     0x20000708   Section      128  hcsr04.o(.bss)
    .bss                                     0x20000788   Section      128  bsp_laser.o(.bss)
    USART6_Rx_Buff                           0x200007c8   Data          64  bsp_laser.o(.bss)
    .bss                                     0x20000808   Section      596  freertos.o(.bss)
    xIdleTaskTCBBuffer                       0x20000808   Data          84  freertos.o(.bss)
    xIdleStack                               0x2000085c   Data         512  freertos.o(.bss)
    .bss                                     0x20000a5c   Section      640  tim.o(.bss)
    .bss                                     0x20000cdc   Section      736  usart.o(.bss)
    .bss                                     0x20000fbc   Section       64  stm32f4xx_hal_timebase_tim.o(.bss)
    .bss                                     0x20000ffc   Section      240  tasks.o(.bss)
    pxReadyTasksLists                        0x20000ffc   Data         140  tasks.o(.bss)
    xDelayedTaskList1                        0x20001088   Data          20  tasks.o(.bss)
    xDelayedTaskList2                        0x2000109c   Data          20  tasks.o(.bss)
    xPendingReadyList                        0x200010b0   Data          20  tasks.o(.bss)
    xTasksWaitingTermination                 0x200010c4   Data          20  tasks.o(.bss)
    xSuspendedTaskList                       0x200010d8   Data          20  tasks.o(.bss)
    .bss                                     0x200010ec   Section    15360  heap_4.o(.bss)
    ucHeap                                   0x200010ec   Data       15360  heap_4.o(.bss)
    STACK                                    0x20004cf0   Section     1024  startup_stm32f407xx.o(STACK)

    Global Symbols

    Symbol Name                              Value     Ov Type        Size  Object(Section)

    BuildAttributes$$THM_ISAv4$E$P$D$K$B$S$7EM$VFPi3$EXTD16$VFPS$VFMA$PE$A:L22UL41UL21$X:L11$S22US41US21$IEEE1$IW$USESV6$~STKCKD$USESV7$~SHL$OSPACE$ROPI$EBA8$MICROLIB$REQ8$PRES8$EABIv2 0x00000000   Number         0  anon$$obj.o ABSOLUTE
    __ARM_use_no_argv                        0x00000000   Number         0  main.o ABSOLUTE
    _printf_a                                0x00000000   Number         0  stubs.o ABSOLUTE
    _printf_c                                0x00000000   Number         0  stubs.o ABSOLUTE
    _printf_charcount                        0x00000000   Number         0  stubs.o ABSOLUTE
    _printf_d                                0x00000000   Number         0  stubs.o ABSOLUTE
    _printf_e                                0x00000000   Number         0  stubs.o ABSOLUTE
    _printf_f                                0x00000000   Number         0  stubs.o ABSOLUTE
    _printf_flags                            0x00000000   Number         0  stubs.o ABSOLUTE
    _printf_fp_dec                           0x00000000   Number         0  stubs.o ABSOLUTE
    _printf_fp_hex                           0x00000000   Number         0  stubs.o ABSOLUTE
    _printf_g                                0x00000000   Number         0  stubs.o ABSOLUTE
    _printf_i                                0x00000000   Number         0  stubs.o ABSOLUTE
    _printf_int_dec                          0x00000000   Number         0  stubs.o ABSOLUTE
    _printf_l                                0x00000000   Number         0  stubs.o ABSOLUTE
    _printf_lc                               0x00000000   Number         0  stubs.o ABSOLUTE
    _printf_ll                               0x00000000   Number         0  stubs.o ABSOLUTE
    _printf_lld                              0x00000000   Number         0  stubs.o ABSOLUTE
    _printf_lli                              0x00000000   Number         0  stubs.o ABSOLUTE
    _printf_llo                              0x00000000   Number         0  stubs.o ABSOLUTE
    _printf_llu                              0x00000000   Number         0  stubs.o ABSOLUTE
    _printf_llx                              0x00000000   Number         0  stubs.o ABSOLUTE
    _printf_longlong_dec                     0x00000000   Number         0  stubs.o ABSOLUTE
    _printf_longlong_hex                     0x00000000   Number         0  stubs.o ABSOLUTE
    _printf_longlong_oct                     0x00000000   Number         0  stubs.o ABSOLUTE
    _printf_ls                               0x00000000   Number         0  stubs.o ABSOLUTE
    _printf_mbtowc                           0x00000000   Number         0  stubs.o ABSOLUTE
    _printf_n                                0x00000000   Number         0  stubs.o ABSOLUTE
    _printf_o                                0x00000000   Number         0  stubs.o ABSOLUTE
    _printf_p                                0x00000000   Number         0  stubs.o ABSOLUTE
    _printf_percent                          0x00000000   Number         0  stubs.o ABSOLUTE
    _printf_pre_padding                      0x00000000   Number         0  stubs.o ABSOLUTE
    _printf_return_value                     0x00000000   Number         0  stubs.o ABSOLUTE
    _printf_s                                0x00000000   Number         0  stubs.o ABSOLUTE
    _printf_sizespec                         0x00000000   Number         0  stubs.o ABSOLUTE
    _printf_str                              0x00000000   Number         0  stubs.o ABSOLUTE
    _printf_truncate_signed                  0x00000000   Number         0  stubs.o ABSOLUTE
    _printf_truncate_unsigned                0x00000000   Number         0  stubs.o ABSOLUTE
    _printf_u                                0x00000000   Number         0  stubs.o ABSOLUTE
    _printf_wc                               0x00000000   Number         0  stubs.o ABSOLUTE
    _printf_wctomb                           0x00000000   Number         0  stubs.o ABSOLUTE
    _printf_widthprec                        0x00000000   Number         0  stubs.o ABSOLUTE
    _printf_x                                0x00000000   Number         0  stubs.o ABSOLUTE
    __cpp_initialize__aeabi_                  - Undefined Weak Reference
    __cxa_finalize                            - Undefined Weak Reference
    _clock_init                               - Undefined Weak Reference
    _microlib_exit                            - Undefined Weak Reference
    __Vectors_Size                           0x00000188   Number         0  startup_stm32f407xx.o ABSOLUTE
    __Vectors                                0x08000000   Data           4  startup_stm32f407xx.o(RESET)
    __Vectors_End                            0x08000188   Data           0  startup_stm32f407xx.o(RESET)
    __main                                   0x08000189   Thumb Code     0  entry.o(.ARM.Collect$$$$00000000)
    _main_stk                                0x08000189   Thumb Code     0  entry2.o(.ARM.Collect$$$$00000001)
    _main_scatterload                        0x0800018d   Thumb Code     0  entry5.o(.ARM.Collect$$$$00000004)
    __main_after_scatterload                 0x08000191   Thumb Code     0  entry5.o(.ARM.Collect$$$$00000004)
    _main_clock                              0x08000191   Thumb Code     0  entry7b.o(.ARM.Collect$$$$00000008)
    _main_cpp_init                           0x08000191   Thumb Code     0  entry8b.o(.ARM.Collect$$$$0000000A)
    _main_init                               0x08000191   Thumb Code     0  entry9a.o(.ARM.Collect$$$$0000000B)
    __rt_final_cpp                           0x08000199   Thumb Code     0  entry10a.o(.ARM.Collect$$$$0000000D)
    __rt_final_exit                          0x08000199   Thumb Code     0  entry11a.o(.ARM.Collect$$$$0000000F)
    SVC_Handler                              0x0800019d   Thumb Code    28  port.o(.emb_text)
    __asm___6_port_c_39a90d8d__prvStartFirstTask 0x080001bd   Thumb Code    36  port.o(.emb_text)
    __asm___6_port_c_39a90d8d__prvEnableVFP  0x080001e5   Thumb Code    16  port.o(.emb_text)
    PendSV_Handler                           0x080001f9   Thumb Code    88  port.o(.emb_text)
    vPortGetIPSR                             0x08000255   Thumb Code     6  port.o(.emb_text)
    Reset_Handler                            0x0800025d   Thumb Code     8  startup_stm32f407xx.o(.text)
    ADC_IRQHandler                           0x08000277   Thumb Code     0  startup_stm32f407xx.o(.text)
    CAN1_RX0_IRQHandler                      0x08000277   Thumb Code     0  startup_stm32f407xx.o(.text)
    CAN1_RX1_IRQHandler                      0x08000277   Thumb Code     0  startup_stm32f407xx.o(.text)
    CAN1_SCE_IRQHandler                      0x08000277   Thumb Code     0  startup_stm32f407xx.o(.text)
    CAN1_TX_IRQHandler                       0x08000277   Thumb Code     0  startup_stm32f407xx.o(.text)
    CAN2_RX0_IRQHandler                      0x08000277   Thumb Code     0  startup_stm32f407xx.o(.text)
    CAN2_RX1_IRQHandler                      0x08000277   Thumb Code     0  startup_stm32f407xx.o(.text)
    CAN2_SCE_IRQHandler                      0x08000277   Thumb Code     0  startup_stm32f407xx.o(.text)
    CAN2_TX_IRQHandler                       0x08000277   Thumb Code     0  startup_stm32f407xx.o(.text)
    DCMI_IRQHandler                          0x08000277   Thumb Code     0  startup_stm32f407xx.o(.text)
    DMA1_Stream0_IRQHandler                  0x08000277   Thumb Code     0  startup_stm32f407xx.o(.text)
    DMA1_Stream2_IRQHandler                  0x08000277   Thumb Code     0  startup_stm32f407xx.o(.text)
    DMA1_Stream3_IRQHandler                  0x08000277   Thumb Code     0  startup_stm32f407xx.o(.text)
    DMA1_Stream4_IRQHandler                  0x08000277   Thumb Code     0  startup_stm32f407xx.o(.text)
    DMA1_Stream6_IRQHandler                  0x08000277   Thumb Code     0  startup_stm32f407xx.o(.text)
    DMA1_Stream7_IRQHandler                  0x08000277   Thumb Code     0  startup_stm32f407xx.o(.text)
    DMA2_Stream0_IRQHandler                  0x08000277   Thumb Code     0  startup_stm32f407xx.o(.text)
    DMA2_Stream3_IRQHandler                  0x08000277   Thumb Code     0  startup_stm32f407xx.o(.text)
    DMA2_Stream4_IRQHandler                  0x08000277   Thumb Code     0  startup_stm32f407xx.o(.text)
    DMA2_Stream5_IRQHandler                  0x08000277   Thumb Code     0  startup_stm32f407xx.o(.text)
    DMA2_Stream6_IRQHandler                  0x08000277   Thumb Code     0  startup_stm32f407xx.o(.text)
    ETH_IRQHandler                           0x08000277   Thumb Code     0  startup_stm32f407xx.o(.text)
    ETH_WKUP_IRQHandler                      0x08000277   Thumb Code     0  startup_stm32f407xx.o(.text)
    EXTI0_IRQHandler                         0x08000277   Thumb Code     0  startup_stm32f407xx.o(.text)
    EXTI15_10_IRQHandler                     0x08000277   Thumb Code     0  startup_stm32f407xx.o(.text)
    EXTI1_IRQHandler                         0x08000277   Thumb Code     0  startup_stm32f407xx.o(.text)
    EXTI2_IRQHandler                         0x08000277   Thumb Code     0  startup_stm32f407xx.o(.text)
    EXTI3_IRQHandler                         0x08000277   Thumb Code     0  startup_stm32f407xx.o(.text)
    EXTI4_IRQHandler                         0x08000277   Thumb Code     0  startup_stm32f407xx.o(.text)
    EXTI9_5_IRQHandler                       0x08000277   Thumb Code     0  startup_stm32f407xx.o(.text)
    FLASH_IRQHandler                         0x08000277   Thumb Code     0  startup_stm32f407xx.o(.text)
    FMC_IRQHandler                           0x08000277   Thumb Code     0  startup_stm32f407xx.o(.text)
    FPU_IRQHandler                           0x08000277   Thumb Code     0  startup_stm32f407xx.o(.text)
    HASH_RNG_IRQHandler                      0x08000277   Thumb Code     0  startup_stm32f407xx.o(.text)
    I2C1_ER_IRQHandler                       0x08000277   Thumb Code     0  startup_stm32f407xx.o(.text)
    I2C1_EV_IRQHandler                       0x08000277   Thumb Code     0  startup_stm32f407xx.o(.text)
    I2C2_ER_IRQHandler                       0x08000277   Thumb Code     0  startup_stm32f407xx.o(.text)
    I2C2_EV_IRQHandler                       0x08000277   Thumb Code     0  startup_stm32f407xx.o(.text)
    I2C3_ER_IRQHandler                       0x08000277   Thumb Code     0  startup_stm32f407xx.o(.text)
    I2C3_EV_IRQHandler                       0x08000277   Thumb Code     0  startup_stm32f407xx.o(.text)
    OTG_FS_IRQHandler                        0x08000277   Thumb Code     0  startup_stm32f407xx.o(.text)
    OTG_FS_WKUP_IRQHandler                   0x08000277   Thumb Code     0  startup_stm32f407xx.o(.text)
    OTG_HS_EP1_IN_IRQHandler                 0x08000277   Thumb Code     0  startup_stm32f407xx.o(.text)
    OTG_HS_EP1_OUT_IRQHandler                0x08000277   Thumb Code     0  startup_stm32f407xx.o(.text)
    OTG_HS_IRQHandler                        0x08000277   Thumb Code     0  startup_stm32f407xx.o(.text)
    OTG_HS_WKUP_IRQHandler                   0x08000277   Thumb Code     0  startup_stm32f407xx.o(.text)
    PVD_IRQHandler                           0x08000277   Thumb Code     0  startup_stm32f407xx.o(.text)
    RCC_IRQHandler                           0x08000277   Thumb Code     0  startup_stm32f407xx.o(.text)
    RTC_Alarm_IRQHandler                     0x08000277   Thumb Code     0  startup_stm32f407xx.o(.text)
    RTC_WKUP_IRQHandler                      0x08000277   Thumb Code     0  startup_stm32f407xx.o(.text)
    SDIO_IRQHandler                          0x08000277   Thumb Code     0  startup_stm32f407xx.o(.text)
    SPI1_IRQHandler                          0x08000277   Thumb Code     0  startup_stm32f407xx.o(.text)
    SPI2_IRQHandler                          0x08000277   Thumb Code     0  startup_stm32f407xx.o(.text)
    SPI3_IRQHandler                          0x08000277   Thumb Code     0  startup_stm32f407xx.o(.text)
    TAMP_STAMP_IRQHandler                    0x08000277   Thumb Code     0  startup_stm32f407xx.o(.text)
    TIM1_BRK_TIM9_IRQHandler                 0x08000277   Thumb Code     0  startup_stm32f407xx.o(.text)
    TIM1_CC_IRQHandler                       0x08000277   Thumb Code     0  startup_stm32f407xx.o(.text)
    TIM2_IRQHandler                          0x08000277   Thumb Code     0  startup_stm32f407xx.o(.text)
    TIM3_IRQHandler                          0x08000277   Thumb Code     0  startup_stm32f407xx.o(.text)
    TIM4_IRQHandler                          0x08000277   Thumb Code     0  startup_stm32f407xx.o(.text)
    TIM5_IRQHandler                          0x08000277   Thumb Code     0  startup_stm32f407xx.o(.text)
    TIM7_IRQHandler                          0x08000277   Thumb Code     0  startup_stm32f407xx.o(.text)
    TIM8_BRK_TIM12_IRQHandler                0x08000277   Thumb Code     0  startup_stm32f407xx.o(.text)
    TIM8_CC_IRQHandler                       0x08000277   Thumb Code     0  startup_stm32f407xx.o(.text)
    UART4_IRQHandler                         0x08000277   Thumb Code     0  startup_stm32f407xx.o(.text)
    UART5_IRQHandler                         0x08000277   Thumb Code     0  startup_stm32f407xx.o(.text)
    WWDG_IRQHandler                          0x08000277   Thumb Code     0  startup_stm32f407xx.o(.text)
    __aeabi_uldivmod                         0x08000281   Thumb Code    98  uldiv.o(.text)
    __aeabi_memcpy                           0x080002e3   Thumb Code    36  memcpya.o(.text)
    __aeabi_memcpy4                          0x080002e3   Thumb Code     0  memcpya.o(.text)
    __aeabi_memcpy8                          0x080002e3   Thumb Code     0  memcpya.o(.text)
    __aeabi_memset                           0x08000307   Thumb Code    14  memseta.o(.text)
    __aeabi_memset4                          0x08000307   Thumb Code     0  memseta.o(.text)
    __aeabi_memset8                          0x08000307   Thumb Code     0  memseta.o(.text)
    __aeabi_memclr                           0x08000315   Thumb Code     4  memseta.o(.text)
    __aeabi_memclr4                          0x08000315   Thumb Code     0  memseta.o(.text)
    __aeabi_memclr8                          0x08000315   Thumb Code     0  memseta.o(.text)
    memset                                   0x08000319   Thumb Code    18  memseta.o(.text)
    __aeabi_dmul                             0x0800032b   Thumb Code   228  dmul.o(.text)
    __aeabi_ddiv                             0x0800040f   Thumb Code   222  ddiv.o(.text)
    __aeabi_i2d                              0x080004ed   Thumb Code    34  dflti.o(.text)
    __aeabi_cdcmpeq                          0x08000511   Thumb Code     0  cdcmple.o(.text)
    __aeabi_cdcmple                          0x08000511   Thumb Code    48  cdcmple.o(.text)
    __aeabi_cdrcmple                         0x08000541   Thumb Code    48  cdrcmple.o(.text)
    __aeabi_llsl                             0x08000571   Thumb Code    30  llshl.o(.text)
    _ll_shift_l                              0x08000571   Thumb Code     0  llshl.o(.text)
    __aeabi_llsr                             0x0800058f   Thumb Code    32  llushr.o(.text)
    _ll_ushift_r                             0x0800058f   Thumb Code     0  llushr.o(.text)
    __I$use$fp                               0x080005af   Thumb Code     0  iusefp.o(.text)
    _double_round                            0x080005af   Thumb Code    30  depilogue.o(.text)
    _double_epilogue                         0x080005cd   Thumb Code   156  depilogue.o(.text)
    __scatterload                            0x08000669   Thumb Code    28  init.o(.text)
    __scatterload_rt2                        0x08000669   Thumb Code     0  init.o(.text)
    __decompress                             0x0800068d   Thumb Code     0  __dczerorl2.o(.text)
    __decompress1                            0x0800068d   Thumb Code    86  __dczerorl2.o(.text)
    ALL_PID_Init                             0x080006e5   Thumb Code   484  pid.o(i.ALL_PID_Init)
    Backward_                                0x080008fd   Thumb Code   292  freertos.o(i.Backward_)
    Backward_Final_Task                      0x08000a65   Thumb Code   254  freertos.o(i.Backward_Final_Task)
    BusFault_Handler                         0x08000b9d   Thumb Code     2  stm32f4xx_it.o(i.BusFault_Handler)
    Calculate_Displacement                   0x08000ba1   Thumb Code   118  run.o(i.Calculate_Displacement)
    Calculate_Position                       0x08000c39   Thumb Code    48  run.o(i.Calculate_Position)
    Clear_Displacement                       0x08000c71   Thumb Code    28  run.o(i.Clear_Displacement)
    CopeSerial2Data                          0x08000c9d   Thumb Code    90  run.o(i.CopeSerial2Data)
    DMA1_Stream1_IRQHandler                  0x08000d09   Thumb Code     6  stm32f4xx_it.o(i.DMA1_Stream1_IRQHandler)
    DMA1_Stream5_IRQHandler                  0x08000d15   Thumb Code     6  stm32f4xx_it.o(i.DMA1_Stream5_IRQHandler)
    DMA2_Stream1_IRQHandler                  0x08000d21   Thumb Code     6  stm32f4xx_it.o(i.DMA2_Stream1_IRQHandler)
    DMA2_Stream2_IRQHandler                  0x08000d2d   Thumb Code     6  stm32f4xx_it.o(i.DMA2_Stream2_IRQHandler)
    DMA2_Stream7_IRQHandler                  0x08000d39   Thumb Code     6  stm32f4xx_it.o(i.DMA2_Stream7_IRQHandler)
    DebugMon_Handler                         0x08000de9   Thumb Code     2  stm32f4xx_it.o(i.DebugMon_Handler)
    Distance_Calculate                       0x08000ded   Thumb Code    18  hcsr04.o(i.Distance_Calculate)
    Error_Handler                            0x08000e05   Thumb Code     2  main.o(i.Error_Handler)
    Forward_                                 0x08000e09   Thumb Code   312  freertos.o(i.Forward_)
    GoIn                                     0x08000f7d   Thumb Code   138  freertos.o(i.GoIn)
    GoOut                                    0x08001035   Thumb Code   152  freertos.o(i.GoOut)
    HAL_DMA_Abort                            0x08001109   Thumb Code   142  stm32f4xx_hal_dma.o(i.HAL_DMA_Abort)
    HAL_DMA_Abort_IT                         0x08001197   Thumb Code    36  stm32f4xx_hal_dma.o(i.HAL_DMA_Abort_IT)
    HAL_DMA_IRQHandler                       0x080011bd   Thumb Code   412  stm32f4xx_hal_dma.o(i.HAL_DMA_IRQHandler)
    HAL_DMA_Init                             0x0800135d   Thumb Code   206  stm32f4xx_hal_dma.o(i.HAL_DMA_Init)
    HAL_DMA_Start_IT                         0x08001431   Thumb Code   110  stm32f4xx_hal_dma.o(i.HAL_DMA_Start_IT)
    HAL_Delay                                0x080014a1   Thumb Code    32  stm32f4xx_hal.o(i.HAL_Delay)
    HAL_GPIO_Init                            0x080014c5   Thumb Code   394  stm32f4xx_hal_gpio.o(i.HAL_GPIO_Init)
    HAL_GPIO_WritePin                        0x0800167d   Thumb Code    10  stm32f4xx_hal_gpio.o(i.HAL_GPIO_WritePin)
    HAL_GetTick                              0x08001689   Thumb Code     6  stm32f4xx_hal.o(i.HAL_GetTick)
    HAL_IncTick                              0x08001695   Thumb Code    12  stm32f4xx_hal.o(i.HAL_IncTick)
    HAL_Init                                 0x080016a5   Thumb Code    48  stm32f4xx_hal.o(i.HAL_Init)
    HAL_InitTick                             0x080016d9   Thumb Code   100  stm32f4xx_hal_timebase_tim.o(i.HAL_InitTick)
    HAL_MspInit                              0x0800174d   Thumb Code    42  stm32f4xx_hal_msp.o(i.HAL_MspInit)
    HAL_NVIC_EnableIRQ                       0x0800177d   Thumb Code    26  stm32f4xx_hal_cortex.o(i.HAL_NVIC_EnableIRQ)
    HAL_NVIC_SetPriority                     0x08001799   Thumb Code    60  stm32f4xx_hal_cortex.o(i.HAL_NVIC_SetPriority)
    HAL_NVIC_SetPriorityGrouping             0x080017d9   Thumb Code    26  stm32f4xx_hal_cortex.o(i.HAL_NVIC_SetPriorityGrouping)
    HAL_RCCEx_PeriphCLKConfig                0x080017fd   Thumb Code   296  stm32f4xx_hal_rcc_ex.o(i.HAL_RCCEx_PeriphCLKConfig)
    HAL_RCC_ClockConfig                      0x08001939   Thumb Code   288  stm32f4xx_hal_rcc.o(i.HAL_RCC_ClockConfig)
    HAL_RCC_GetClockConfig                   0x08001a6d   Thumb Code    54  stm32f4xx_hal_rcc.o(i.HAL_RCC_GetClockConfig)
    HAL_RCC_GetPCLK1Freq                     0x08001aad   Thumb Code    20  stm32f4xx_hal_rcc.o(i.HAL_RCC_GetPCLK1Freq)
    HAL_RCC_GetPCLK2Freq                     0x08001acd   Thumb Code    20  stm32f4xx_hal_rcc.o(i.HAL_RCC_GetPCLK2Freq)
    HAL_RCC_GetSysClockFreq                  0x08001aed   Thumb Code    88  stm32f4xx_hal_rcc.o(i.HAL_RCC_GetSysClockFreq)
    HAL_RCC_OscConfig                        0x08001b4d   Thumb Code   840  stm32f4xx_hal_rcc.o(i.HAL_RCC_OscConfig)
    HAL_TIMEx_BreakCallback                  0x08001ea9   Thumb Code     2  stm32f4xx_hal_tim_ex.o(i.HAL_TIMEx_BreakCallback)
    HAL_TIMEx_CommutCallback                 0x08001eab   Thumb Code     2  stm32f4xx_hal_tim_ex.o(i.HAL_TIMEx_CommutCallback)
    HAL_TIMEx_ConfigBreakDeadTime            0x08001ead   Thumb Code    84  stm32f4xx_hal_tim_ex.o(i.HAL_TIMEx_ConfigBreakDeadTime)
    HAL_TIMEx_MasterConfigSynchronization    0x08001f01   Thumb Code   116  stm32f4xx_hal_tim_ex.o(i.HAL_TIMEx_MasterConfigSynchronization)
    HAL_TIM_Base_Init                        0x08001f91   Thumb Code    54  stm32f4xx_hal_tim.o(i.HAL_TIM_Base_Init)
    HAL_TIM_Base_MspInit                     0x08001fc9   Thumb Code   322  tim.o(i.HAL_TIM_Base_MspInit)
    HAL_TIM_Base_Start_IT                    0x08002125   Thumb Code    34  stm32f4xx_hal_tim.o(i.HAL_TIM_Base_Start_IT)
    HAL_TIM_Encoder_Init                     0x08002147   Thumb Code   152  stm32f4xx_hal_tim.o(i.HAL_TIM_Encoder_Init)
    HAL_TIM_Encoder_MspInit                  0x080021e1   Thumb Code   276  tim.o(i.HAL_TIM_Encoder_MspInit)
    HAL_TIM_Encoder_Start                    0x08002311   Thumb Code    52  stm32f4xx_hal_tim.o(i.HAL_TIM_Encoder_Start)
    HAL_TIM_IC_CaptureCallback               0x08002345   Thumb Code   138  hcsr04.o(i.HAL_TIM_IC_CaptureCallback)
    HAL_TIM_IC_ConfigChannel                 0x080023f5   Thumb Code   286  stm32f4xx_hal_tim.o(i.HAL_TIM_IC_ConfigChannel)
    HAL_TIM_IC_Init                          0x08002513   Thumb Code    54  stm32f4xx_hal_tim.o(i.HAL_TIM_IC_Init)
    HAL_TIM_IC_MspInit                       0x08002549   Thumb Code     2  stm32f4xx_hal_tim.o(i.HAL_TIM_IC_MspInit)
    HAL_TIM_IC_Start_IT                      0x0800254b   Thumb Code    86  stm32f4xx_hal_tim.o(i.HAL_TIM_IC_Start_IT)
    HAL_TIM_IRQHandler                       0x080025a1   Thumb Code   358  stm32f4xx_hal_tim.o(i.HAL_TIM_IRQHandler)
    HAL_TIM_MspPostInit                      0x08002709   Thumb Code   114  tim.o(i.HAL_TIM_MspPostInit)
    HAL_TIM_OC_DelayElapsedCallback          0x08002791   Thumb Code     2  stm32f4xx_hal_tim.o(i.HAL_TIM_OC_DelayElapsedCallback)
    HAL_TIM_PWM_ConfigChannel                0x08002793   Thumb Code   208  stm32f4xx_hal_tim.o(i.HAL_TIM_PWM_ConfigChannel)
    HAL_TIM_PWM_Init                         0x08002863   Thumb Code    54  stm32f4xx_hal_tim.o(i.HAL_TIM_PWM_Init)
    HAL_TIM_PWM_MspInit                      0x08002899   Thumb Code    92  tim.o(i.HAL_TIM_PWM_MspInit)
    HAL_TIM_PWM_PulseFinishedCallback        0x08002901   Thumb Code     2  stm32f4xx_hal_tim.o(i.HAL_TIM_PWM_PulseFinishedCallback)
    HAL_TIM_PWM_Start                        0x08002905   Thumb Code    58  stm32f4xx_hal_tim.o(i.HAL_TIM_PWM_Start)
    HAL_TIM_PeriodElapsedCallback            0x08002949   Thumb Code    14  main.o(i.HAL_TIM_PeriodElapsedCallback)
    HAL_TIM_ReadCapturedValue                0x0800295d   Thumb Code    42  stm32f4xx_hal_tim.o(i.HAL_TIM_ReadCapturedValue)
    HAL_TIM_TriggerCallback                  0x08002987   Thumb Code     2  stm32f4xx_hal_tim.o(i.HAL_TIM_TriggerCallback)
    HAL_UART_DMAStop                         0x08002989   Thumb Code    88  stm32f4xx_hal_uart.o(i.HAL_UART_DMAStop)
    HAL_UART_ErrorCallback                   0x080029e1   Thumb Code     2  stm32f4xx_hal_uart.o(i.HAL_UART_ErrorCallback)
    HAL_UART_IRQHandler                      0x080029e5   Thumb Code   270  stm32f4xx_hal_uart.o(i.HAL_UART_IRQHandler)
    HAL_UART_Init                            0x08002af9   Thumb Code    98  stm32f4xx_hal_uart.o(i.HAL_UART_Init)
    HAL_UART_MspInit                         0x08002b5d   Thumb Code   658  usart.o(i.HAL_UART_MspInit)
    HAL_UART_Receive_DMA                     0x08002e21   Thumb Code   138  stm32f4xx_hal_uart.o(i.HAL_UART_Receive_DMA)
    HAL_UART_Receive_IT                      0x08002eb9   Thumb Code    82  stm32f4xx_hal_uart.o(i.HAL_UART_Receive_IT)
    HAL_UART_RxCpltCallback                  0x08002f0d   Thumb Code    18  run.o(i.HAL_UART_RxCpltCallback)
    HAL_UART_RxHalfCpltCallback              0x08002f29   Thumb Code     2  stm32f4xx_hal_uart.o(i.HAL_UART_RxHalfCpltCallback)
    HAL_UART_Transmit                        0x08002f2b   Thumb Code   186  stm32f4xx_hal_uart.o(i.HAL_UART_Transmit)
    HAL_UART_TxCpltCallback                  0x08002fe5   Thumb Code     2  stm32f4xx_hal_uart.o(i.HAL_UART_TxCpltCallback)
    HCSRAProcess                             0x08002fe9   Thumb Code    64  freertos.o(i.HCSRAProcess)
    HCSRBProcess                             0x08003039   Thumb Code    68  freertos.o(i.HCSRBProcess)
    HCSR_Process                             0x0800308d   Thumb Code   174  hcsr04.o(i.HCSR_Process)
    HardFault_Handler                        0x08003141   Thumb Code     2  stm32f4xx_it.o(i.HardFault_Handler)
    LASER1_RX_Calc                           0x08003145   Thumb Code    72  bsp_laser.o(i.LASER1_RX_Calc)
    LASER2_RX_Calc                           0x08003191   Thumb Code    72  bsp_laser.o(i.LASER2_RX_Calc)
    LASER_1_Init                             0x080031dd   Thumb Code    22  bsp_laser.o(i.LASER_1_Init)
    LASER_2_Init                             0x080031fd   Thumb Code    22  bsp_laser.o(i.LASER_2_Init)
    MX_DMA_Init                              0x0800321d   Thumb Code   120  dma.o(i.MX_DMA_Init)
    MX_FREERTOS_Init                         0x08003299   Thumb Code   984  freertos.o(i.MX_FREERTOS_Init)
    MX_GPIO_Init                             0x08003681   Thumb Code   254  gpio.o(i.MX_GPIO_Init)
    MX_TIM10_Init                            0x08003791   Thumb Code    86  tim.o(i.MX_TIM10_Init)
    MX_TIM11_Init                            0x080037f1   Thumb Code    86  tim.o(i.MX_TIM11_Init)
    MX_TIM12_Init                            0x08003851   Thumb Code   100  tim.o(i.MX_TIM12_Init)
    MX_TIM13_Init                            0x080038bd   Thumb Code    86  tim.o(i.MX_TIM13_Init)
    MX_TIM14_Init                            0x0800391d   Thumb Code    86  tim.o(i.MX_TIM14_Init)
    MX_TIM1_Init                             0x0800397d   Thumb Code   198  tim.o(i.MX_TIM1_Init)
    MX_TIM2_Init                             0x08003a4d   Thumb Code   100  tim.o(i.MX_TIM2_Init)
    MX_TIM3_Init                             0x08003ab5   Thumb Code    98  tim.o(i.MX_TIM3_Init)
    MX_TIM4_Init                             0x08003b21   Thumb Code    98  tim.o(i.MX_TIM4_Init)
    MX_TIM5_Init                             0x08003b8d   Thumb Code    98  tim.o(i.MX_TIM5_Init)
    MX_USART1_UART_Init                      0x08003bf9   Thumb Code    48  usart.o(i.MX_USART1_UART_Init)
    MX_USART2_UART_Init                      0x08003c31   Thumb Code    48  usart.o(i.MX_USART2_UART_Init)
    MX_USART3_UART_Init                      0x08003c69   Thumb Code    48  usart.o(i.MX_USART3_UART_Init)
    MX_USART6_UART_Init                      0x08003ca1   Thumb Code    48  usart.o(i.MX_USART6_UART_Init)
    MemManage_Handler                        0x08003cd9   Thumb Code     2  stm32f4xx_it.o(i.MemManage_Handler)
    NMI_Handler                              0x08003cdb   Thumb Code     2  stm32f4xx_it.o(i.NMI_Handler)
    OpenMV_Init                              0x08003cdd   Thumb Code    22  run.o(i.OpenMV_Init)
    OpenMV_Process_Task                      0x08003cfd   Thumb Code   332  freertos.o(i.OpenMV_Process_Task)
    PIDInit                                  0x08003e75   Thumb Code    70  pid.o(i.PIDInit)
    PID_Position                             0x08003ec1   Thumb Code   180  pid.o(i.PID_Position)
    PID_Position_float                       0x08003f79   Thumb Code   174  pid.o(i.PID_Position_float)
    ReadHWT101                               0x0800402d   Thumb Code    34  freertos.o(i.ReadHWT101)
    RunTask                                  0x0800405d   Thumb Code   260  freertos.o(i.RunTask)
    Servo_Task                               0x08004185   Thumb Code   186  freertos.o(i.Servo_Task)
    Shift_Final_Task                         0x0800424d   Thumb Code   264  freertos.o(i.Shift_Final_Task)
    Shift_Head_Task                          0x0800438d   Thumb Code   166  freertos.o(i.Shift_Head_Task)
    Shift_Tail_Task                          0x08004469   Thumb Code   170  freertos.o(i.Shift_Tail_Task)
    StartISR                                 0x08004549   Thumb Code    76  freertos.o(i.StartISR)
    StepManager                              0x080045b1   Thumb Code   112  freertos.o(i.StepManager)
    Step_Sequence_PlanB                      0x0800462d   Thumb Code   116  run.o(i.Step_Sequence_PlanB)
    SysTick_Handler                          0x080046a5   Thumb Code    38  port.o(i.SysTick_Handler)
    SystemClock_Config                       0x080046d1   Thumb Code   152  main.o(i.SystemClock_Config)
    SystemInit                               0x08004771   Thumb Code    22  system_stm32f4xx.o(i.SystemInit)
    TIM1_TRG_COM_TIM11_IRQHandler            0x0800478d   Thumb Code    18  stm32f4xx_it.o(i.TIM1_TRG_COM_TIM11_IRQHandler)
    TIM1_UP_TIM10_IRQHandler                 0x080047a9   Thumb Code    18  stm32f4xx_it.o(i.TIM1_UP_TIM10_IRQHandler)
    TIM6_DAC_IRQHandler                      0x080047c5   Thumb Code     6  stm32f4xx_it.o(i.TIM6_DAC_IRQHandler)
    TIM8_TRG_COM_TIM14_IRQHandler            0x080047d1   Thumb Code     6  stm32f4xx_it.o(i.TIM8_TRG_COM_TIM14_IRQHandler)
    TIM8_UP_TIM13_IRQHandler                 0x080047dd   Thumb Code     6  stm32f4xx_it.o(i.TIM8_UP_TIM13_IRQHandler)
    TIM_Base_SetConfig                       0x080047e9   Thumb Code   156  stm32f4xx_hal_tim.o(i.TIM_Base_SetConfig)
    TIM_CCxChannelCmd                        0x080048b1   Thumb Code    26  stm32f4xx_hal_tim.o(i.TIM_CCxChannelCmd)
    TIM_OC2_SetConfig                        0x0800492d   Thumb Code    98  stm32f4xx_hal_tim.o(i.TIM_OC2_SetConfig)
    TIM_TI1_SetConfig                        0x08004a51   Thumb Code   100  stm32f4xx_hal_tim.o(i.TIM_TI1_SetConfig)
    Turn0_To_90                              0x08004b09   Thumb Code   112  freertos.o(i.Turn0_To_90)
    Turn90_To_0                              0x08004b9d   Thumb Code   102  freertos.o(i.Turn90_To_0)
    Turn_0To_180_Task                        0x08004c25   Thumb Code   124  freertos.o(i.Turn_0To_180_Task)
    Turn_I90_To_Zero                         0x08004cc9   Thumb Code   112  freertos.o(i.Turn_I90_To_Zero)
    Turn_Zero_To_I90_Task                    0x08004d5d   Thumb Code   100  freertos.o(i.Turn_Zero_To_I90_Task)
    USART1_IRQHandler                        0x08005131   Thumb Code     6  stm32f4xx_it.o(i.USART1_IRQHandler)
    USART2_IRQHandler                        0x0800513d   Thumb Code    58  stm32f4xx_it.o(i.USART2_IRQHandler)
    USART3_IRQHandler                        0x08005189   Thumb Code    72  bsp_laser.o(i.USART3_IRQHandler)
    USART6_IRQHandler                        0x080051dd   Thumb Code    72  bsp_laser.o(i.USART6_IRQHandler)
    Ultrasonic_Trig_A                        0x08005231   Thumb Code    36  hcsr04.o(i.Ultrasonic_Trig_A)
    Ultrasonic_Trig_ALL                      0x08005259   Thumb Code    22  hcsr04.o(i.Ultrasonic_Trig_ALL)
    Ultrasonic_Trig_B                        0x08005271   Thumb Code    36  hcsr04.o(i.Ultrasonic_Trig_B)
    Ultrasonic_Trig_C                        0x08005299   Thumb Code    36  hcsr04.o(i.Ultrasonic_Trig_C)
    Ultrasonic_Trig_D                        0x080052c1   Thumb Code    36  hcsr04.o(i.Ultrasonic_Trig_D)
    UsageFault_Handler                       0x080052e9   Thumb Code     2  stm32f4xx_it.o(i.UsageFault_Handler)
    __0printf$2                              0x080052ed   Thumb Code    22  printf2.o(i.__0printf$2)
    __1printf$2                              0x080052ed   Thumb Code     0  printf2.o(i.__0printf$2)
    __2printf                                0x080052ed   Thumb Code     0  printf2.o(i.__0printf$2)
    __scatterload_copy                       0x0800532d   Thumb Code    14  handlers.o(i.__scatterload_copy)
    __scatterload_null                       0x0800533b   Thumb Code     2  handlers.o(i.__scatterload_null)
    __scatterload_zeroinit                   0x0800533d   Thumb Code    14  handlers.o(i.__scatterload_zeroinit)
    absolute                                 0x08005421   Thumb Code    20  freertos.o(i.absolute)
    amp_confine                              0x08005439   Thumb Code    78  motion_control.o(i.amp_confine)
    fputc                                    0x0800548d   Thumb Code    20  usart.o(i.fputc)
    kinematic_analysis                       0x080054b1   Thumb Code    80  motion_control.o(i.kinematic_analysis)
    main                                     0x08005505   Thumb Code   174  main.o(i.main)
    openmv_walk_task                         0x080055d9   Thumb Code   172  freertos.o(i.openmv_walk_task)
    osDelay                                  0x080056a9   Thumb Code    14  cmsis_os.o(i.osDelay)
    osDelayUntil                             0x080056b7   Thumb Code    14  cmsis_os.o(i.osDelayUntil)
    osKernelStart                            0x080056c5   Thumb Code    10  cmsis_os.o(i.osKernelStart)
    osKernelSysTick                          0x080056cf   Thumb Code    24  cmsis_os.o(i.osKernelSysTick)
    osSemaphoreCreate                        0x080056e7   Thumb Code    62  cmsis_os.o(i.osSemaphoreCreate)
    osSemaphoreRelease                       0x08005725   Thumb Code    74  cmsis_os.o(i.osSemaphoreRelease)
    osSemaphoreWait                          0x08005775   Thumb Code    96  cmsis_os.o(i.osSemaphoreWait)
    osThreadCreate                           0x080057d9   Thumb Code    84  cmsis_os.o(i.osThreadCreate)
    osThreadTerminate                        0x0800582d   Thumb Code    10  cmsis_os.o(i.osThreadTerminate)
    pvPortMalloc                             0x08005d05   Thumb Code   210  heap_4.o(i.pvPortMalloc)
    pvTaskIncrementMutexHeldCount            0x08005ddd   Thumb Code    18  tasks.o(i.pvTaskIncrementMutexHeldCount)
    pxPortInitialiseStack                    0x08005df5   Thumb Code    40  port.o(i.pxPortInitialiseStack)
    read_encoder                             0x08005e21   Thumb Code    48  motion_control.o(i.read_encoder)
    set_ccr                                  0x08005e61   Thumb Code   272  motion_control.o(i.set_ccr)
    uxListRemove                             0x08005f7d   Thumb Code    38  list.o(i.uxListRemove)
    vApplicationGetIdleTaskMemory            0x08005fa5   Thumb Code    16  freertos.o(i.vApplicationGetIdleTaskMemory)
    vApplicationStackOverflowHook            0x08005fb9   Thumb Code     6  freertos.o(i.vApplicationStackOverflowHook)
    vListInitialise                          0x08005fd5   Thumb Code    22  list.o(i.vListInitialise)
    vListInitialiseItem                      0x08005feb   Thumb Code     6  list.o(i.vListInitialiseItem)
    vListInsert                              0x08005ff1   Thumb Code    48  list.o(i.vListInsert)
    vListInsertEnd                           0x08006021   Thumb Code    24  list.o(i.vListInsertEnd)
    vPortEnterCritical                       0x08006039   Thumb Code    54  port.o(i.vPortEnterCritical)
    vPortExitCritical                        0x08006079   Thumb Code    34  port.o(i.vPortExitCritical)
    vPortFree                                0x080060a1   Thumb Code    88  heap_4.o(i.vPortFree)
    vPortSetupTimerInterrupt                 0x080060fd   Thumb Code    32  port.o(i.vPortSetupTimerInterrupt)
    vPortValidateInterruptPriority           0x08006121   Thumb Code    74  port.o(i.vPortValidateInterruptPriority)
    vTaskDelay                               0x08006175   Thumb Code    66  tasks.o(i.vTaskDelay)
    vTaskDelayUntil                          0x080061c1   Thumb Code   132  tasks.o(i.vTaskDelayUntil)
    vTaskDelete                              0x0800624d   Thumb Code   158  tasks.o(i.vTaskDelete)
    vTaskInternalSetTimeOutState             0x080062f9   Thumb Code    12  tasks.o(i.vTaskInternalSetTimeOutState)
    vTaskMissedYield                         0x08006309   Thumb Code     8  tasks.o(i.vTaskMissedYield)
    vTaskPlaceOnEventList                    0x08006315   Thumb Code    44  tasks.o(i.vTaskPlaceOnEventList)
    vTaskPriorityDisinheritAfterTimeout      0x08006345   Thumb Code   160  tasks.o(i.vTaskPriorityDisinheritAfterTimeout)
    vTaskResume                              0x080063ed   Thumb Code   112  tasks.o(i.vTaskResume)
    vTaskStartScheduler                      0x08006469   Thumb Code    90  tasks.o(i.vTaskStartScheduler)
    vTaskSuspend                             0x080064d5   Thumb Code   174  tasks.o(i.vTaskSuspend)
    vTaskSuspendAll                          0x08006591   Thumb Code    10  tasks.o(i.vTaskSuspendAll)
    vTaskSwitchContext                       0x080065a1   Thumb Code   126  tasks.o(i.vTaskSwitchContext)
    xPortStartScheduler                      0x08006629   Thumb Code   222  port.o(i.xPortStartScheduler)
    xQueueGenericCreate                      0x0800671d   Thumb Code    72  queue.o(i.xQueueGenericCreate)
    xQueueGenericCreateStatic                0x08006765   Thumb Code   102  queue.o(i.xQueueGenericCreateStatic)
    xQueueGenericReset                       0x080067cd   Thumb Code   132  queue.o(i.xQueueGenericReset)
    xQueueGenericSend                        0x08006855   Thumb Code   346  queue.o(i.xQueueGenericSend)
    xQueueGiveFromISR                        0x080069b5   Thumb Code   156  queue.o(i.xQueueGiveFromISR)
    xQueueReceiveFromISR                     0x08006a51   Thumb Code   154  queue.o(i.xQueueReceiveFromISR)
    xQueueSemaphoreTake                      0x08006aed   Thumb Code   372  queue.o(i.xQueueSemaphoreTake)
    xTaskCheckForTimeOut                     0x08006c65   Thumb Code   112  tasks.o(i.xTaskCheckForTimeOut)
    xTaskCreate                              0x08006cd9   Thumb Code    90  tasks.o(i.xTaskCreate)
    xTaskCreateStatic                        0x08006d33   Thumb Code    86  tasks.o(i.xTaskCreateStatic)
    xTaskGetSchedulerState                   0x08006d89   Thumb Code    22  tasks.o(i.xTaskGetSchedulerState)
    xTaskGetTickCount                        0x08006da5   Thumb Code     6  tasks.o(i.xTaskGetTickCount)
    xTaskGetTickCountFromISR                 0x08006db1   Thumb Code    12  tasks.o(i.xTaskGetTickCountFromISR)
    xTaskIncrementTick                       0x08006dc1   Thumb Code   192  tasks.o(i.xTaskIncrementTick)
    xTaskPriorityDisinherit                  0x08006e89   Thumb Code   144  tasks.o(i.xTaskPriorityDisinherit)
    xTaskPriorityInherit                     0x08006f21   Thumb Code   138  tasks.o(i.xTaskPriorityInherit)
    xTaskRemoveFromEventList                 0x08006fb5   Thumb Code   108  tasks.o(i.xTaskRemoveFromEventList)
    xTaskResumeAll                           0x08007029   Thumb Code   182  tasks.o(i.xTaskResumeAll)
    AHBPrescTable                            0x0800735c   Data          16  system_stm32f4xx.o(.constdata)
    APBPrescTable                            0x0800736c   Data           8  system_stm32f4xx.o(.constdata)
    Region$$Table$$Base                      0x0800748c   Number         0  anon$$obj.o(Region$$Table)
    Region$$Table$$Limit                     0x080074ac   Number         0  anon$$obj.o(Region$$Table)
    Select                                   0x20000000   Data           1  motion_control.o(.data)
    PWM1                                     0x20000002   Data           2  motion_control.o(.data)
    PWM2                                     0x20000004   Data           2  motion_control.o(.data)
    PWM3                                     0x20000006   Data           2  motion_control.o(.data)
    PWM4                                     0x20000008   Data           2  motion_control.o(.data)
    E1                                       0x2000000a   Data           2  motion_control.o(.data)
    E2                                       0x2000000c   Data           2  motion_control.o(.data)
    E3                                       0x2000000e   Data           2  motion_control.o(.data)
    E4                                       0x20000010   Data           2  motion_control.o(.data)
    cnt                                      0x20000034   Data           1  run.o(.data)
    OpenMV_dis                               0x20000036   Data           2  run.o(.data)
    OpenMV_Process_Busy                      0x20000038   Data           1  run.o(.data)
    Step                                     0x20000040   Data           1  run.o(.data)
    Step_Count                               0x20000041   Data           1  run.o(.data)
    Encoder                                  0x20000044   Data           4  run.o(.data)
    angle                                    0x20000048   Data           4  run.o(.data)
    Displacement_X                           0x20000050   Data           8  run.o(.data)
    Displacement_Y                           0x20000058   Data           8  run.o(.data)
    hwt101Angle                              0x20000060   Data           8  run.o(.data)
    Hold_On                                  0x20000068   Data           1  run.o(.data)
    x                                        0x2000006a   Data           2  run.o(.data)
    y                                        0x2000006c   Data           2  run.o(.data)
    z                                        0x2000006e   Data           2  run.o(.data)
    Target                                   0x20000070   Data           4  run.o(.data)
    SingleData                               0x20000074   Data           1  run.o(.data)
    LASER_Data_Buff                          0x20000076   Data           8  bsp_laser.o(.data)
    Servo_Flag                               0x20000080   Data           1  freertos.o(.data)
    Run_TaskHandle                           0x2000008c   Data           4  freertos.o(.data)
    Step_ManagerHandle                       0x20000090   Data           4  freertos.o(.data)
    Go_InHandle                              0x20000094   Data           4  freertos.o(.data)
    Turn_0To90Handle                         0x20000098   Data           4  freertos.o(.data)
    Turn_90To0Handle                         0x2000009c   Data           4  freertos.o(.data)
    ForwardHandle                            0x200000a0   Data           4  freertos.o(.data)
    BackwardHandle                           0x200000a4   Data           4  freertos.o(.data)
    Shift_HeadHandle                         0x200000a8   Data           4  freertos.o(.data)
    Go_OutHandle                             0x200000ac   Data           4  freertos.o(.data)
    Read_HWT101Handle                        0x200000b0   Data           4  freertos.o(.data)
    Start_ISRHandle                          0x200000b4   Data           4  freertos.o(.data)
    HCSRA_ProcessHandle                      0x200000b8   Data           4  freertos.o(.data)
    HCSRB_ProcessHandle                      0x200000bc   Data           4  freertos.o(.data)
    Shift_TailHandle                         0x200000c0   Data           4  freertos.o(.data)
    Turn_Zero_To_I9Handle                    0x200000c4   Data           4  freertos.o(.data)
    Turn_I90_To_ZerHandle                    0x200000c8   Data           4  freertos.o(.data)
    Turn_0To_180Handle                       0x200000cc   Data           4  freertos.o(.data)
    Shift_FinalHandle                        0x200000d0   Data           4  freertos.o(.data)
    Backward_FinalHandle                     0x200000d4   Data           4  freertos.o(.data)
    ServoHandle                              0x200000d8   Data           4  freertos.o(.data)
    OpenMV_ProcessHandle                     0x200000dc   Data           4  freertos.o(.data)
    openmv_walkHandle                        0x200000e0   Data           4  freertos.o(.data)
    GoIn_SemHandle                           0x200000e4   Data           4  freertos.o(.data)
    Turn_0To90_SemHandle                     0x200000e8   Data           4  freertos.o(.data)
    Turn_90To0_SemHandle                     0x200000ec   Data           4  freertos.o(.data)
    Shift_Head_SemHandle                     0x200000f0   Data           4  freertos.o(.data)
    GoOut_SemHandle                          0x200000f4   Data           4  freertos.o(.data)
    Forward_SemHandle                        0x200000f8   Data           4  freertos.o(.data)
    Backward_SemHandle                       0x200000fc   Data           4  freertos.o(.data)
    Step_Manager_SemHandle                   0x20000100   Data           4  freertos.o(.data)
    ISR_ReadHWT_SemHandle                    0x20000104   Data           4  freertos.o(.data)
    HCSRA_SemHandle                          0x20000108   Data           4  freertos.o(.data)
    HCSRB_SemHandle                          0x2000010c   Data           4  freertos.o(.data)
    HCSRC_SemHandle                          0x20000110   Data           4  freertos.o(.data)
    HCSRD_SemHandle                          0x20000114   Data           4  freertos.o(.data)
    Shift_Tail_SemHandle                     0x20000118   Data           4  freertos.o(.data)
    Turn_0_I90_SemHandle                     0x2000011c   Data           4  freertos.o(.data)
    Turn_I90_To_0_SemHandle                  0x20000120   Data           4  freertos.o(.data)
    Turn_0To_180_SemHandle                   0x20000124   Data           4  freertos.o(.data)
    Shift_Final_SemHandle                    0x20000128   Data           4  freertos.o(.data)
    Backward_Final_SemHandle                 0x2000012c   Data           4  freertos.o(.data)
    ServoSemHandle                           0x20000130   Data           4  freertos.o(.data)
    OpenMV_SemHandle                         0x20000134   Data           4  freertos.o(.data)
    openmvSemHandle                          0x20000138   Data           4  freertos.o(.data)
    uwTickFreq                               0x2000013c   Data           1  stm32f4xx_hal.o(.data)
    uwTickPrio                               0x20000140   Data           4  stm32f4xx_hal.o(.data)
    uwTick                                   0x20000144   Data           4  stm32f4xx_hal.o(.data)
    SystemCoreClock                          0x20000148   Data           4  system_stm32f4xx.o(.data)
    pxCurrentTCB                             0x2000014c   Data           4  tasks.o(.data)
    __stdout                                 0x200001ac   Data           4  stdout.o(.data)
    PID_Value                                0x200001b0   Data         192  pid.o(.bss)
    PID_Object                               0x20000270   Data         896  pid.o(.bss)
    USART2_Rx_Buff                           0x200005f0   Data          10  run.o(.bss)
    Position                                 0x200005fc   Data          16  run.o(.bss)
    HCSR_Object                              0x20000708   Data         128  hcsr04.o(.bss)
    USART3_Rx_Buff                           0x20000788   Data          64  bsp_laser.o(.bss)
    htim1                                    0x20000a5c   Data          64  tim.o(.bss)
    htim2                                    0x20000a9c   Data          64  tim.o(.bss)
    htim3                                    0x20000adc   Data          64  tim.o(.bss)
    htim4                                    0x20000b1c   Data          64  tim.o(.bss)
    htim5                                    0x20000b5c   Data          64  tim.o(.bss)
    htim10                                   0x20000b9c   Data          64  tim.o(.bss)
    htim11                                   0x20000bdc   Data          64  tim.o(.bss)
    htim12                                   0x20000c1c   Data          64  tim.o(.bss)
    htim13                                   0x20000c5c   Data          64  tim.o(.bss)
    htim14                                   0x20000c9c   Data          64  tim.o(.bss)
    huart1                                   0x20000cdc   Data          64  usart.o(.bss)
    huart2                                   0x20000d1c   Data          64  usart.o(.bss)
    huart3                                   0x20000d5c   Data          64  usart.o(.bss)
    huart6                                   0x20000d9c   Data          64  usart.o(.bss)
    hdma_usart1_rx                           0x20000ddc   Data          96  usart.o(.bss)
    hdma_usart1_tx                           0x20000e3c   Data          96  usart.o(.bss)
    hdma_usart2_rx                           0x20000e9c   Data          96  usart.o(.bss)
    hdma_usart3_rx                           0x20000efc   Data          96  usart.o(.bss)
    hdma_usart6_rx                           0x20000f5c   Data          96  usart.o(.bss)
    htim6                                    0x20000fbc   Data          64  stm32f4xx_hal_timebase_tim.o(.bss)
    __initial_sp                             0x200050f0   Data           0  startup_stm32f407xx.o(STACK)



==============================================================================

Memory Map of the image

  Image Entry point : 0x08000189

  Load Region LR_IROM1 (Base: 0x08000000, Size: 0x0000765c, Max: 0x00100000, ABSOLUTE, COMPRESSED[0x000074c4])

    Execution Region ER_IROM1 (Exec base: 0x08000000, Load base: 0x08000000, Size: 0x000074ac, Max: 0x00100000, ABSOLUTE)

    Exec Addr    Load Addr    Size         Type   Attr      Idx    E Section Name        Object

    0x08000000   0x08000000   0x00000188   Data   RO            3    RESET               startup_stm32f407xx.o
    0x08000188   0x08000188   0x00000000   Code   RO         4931  * .ARM.Collect$$$$00000000  mc_w.l(entry.o)
    0x08000188   0x08000188   0x00000004   Code   RO         5215    .ARM.Collect$$$$00000001  mc_w.l(entry2.o)
    0x0800018c   0x0800018c   0x00000004   Code   RO         5218    .ARM.Collect$$$$00000004  mc_w.l(entry5.o)
    0x08000190   0x08000190   0x00000000   Code   RO         5220    .ARM.Collect$$$$00000008  mc_w.l(entry7b.o)
    0x08000190   0x08000190   0x00000000   Code   RO         5222    .ARM.Collect$$$$0000000A  mc_w.l(entry8b.o)
    0x08000190   0x08000190   0x00000008   Code   RO         5223    .ARM.Collect$$$$0000000B  mc_w.l(entry9a.o)
    0x08000198   0x08000198   0x00000000   Code   RO         5225    .ARM.Collect$$$$0000000D  mc_w.l(entry10a.o)
    0x08000198   0x08000198   0x00000000   Code   RO         5227    .ARM.Collect$$$$0000000F  mc_w.l(entry11a.o)
    0x08000198   0x08000198   0x00000004   Code   RO         5216    .ARM.Collect$$$$00002712  mc_w.l(entry2.o)
    0x0800019c   0x0800019c   0x000000be   Code   RO         4854    .emb_text           port.o
    0x0800025a   0x0800025a   0x00000002   PAD
    0x0800025c   0x0800025c   0x00000024   Code   RO            4    .text               startup_stm32f407xx.o
    0x08000280   0x08000280   0x00000062   Code   RO         4934    .text               mc_w.l(uldiv.o)
    0x080002e2   0x080002e2   0x00000024   Code   RO         4936    .text               mc_w.l(memcpya.o)
    0x08000306   0x08000306   0x00000024   Code   RO         4940    .text               mc_w.l(memseta.o)
    0x0800032a   0x0800032a   0x000000e4   Code   RO         5205    .text               mf_w.l(dmul.o)
    0x0800040e   0x0800040e   0x000000de   Code   RO         5207    .text               mf_w.l(ddiv.o)
    0x080004ec   0x080004ec   0x00000022   Code   RO         5209    .text               mf_w.l(dflti.o)
    0x0800050e   0x0800050e   0x00000002   PAD
    0x08000510   0x08000510   0x00000030   Code   RO         5211    .text               mf_w.l(cdcmple.o)
    0x08000540   0x08000540   0x00000030   Code   RO         5213    .text               mf_w.l(cdrcmple.o)
    0x08000570   0x08000570   0x0000001e   Code   RO         5232    .text               mc_w.l(llshl.o)
    0x0800058e   0x0800058e   0x00000020   Code   RO         5234    .text               mc_w.l(llushr.o)
    0x080005ae   0x080005ae   0x00000000   Code   RO         5236    .text               mc_w.l(iusefp.o)
    0x080005ae   0x080005ae   0x000000ba   Code   RO         5237    .text               mf_w.l(depilogue.o)
    0x08000668   0x08000668   0x00000024   Code   RO         5243    .text               mc_w.l(init.o)
    0x0800068c   0x0800068c   0x00000056   Code   RO         5255    .text               mc_w.l(__dczerorl2.o)
    0x080006e2   0x080006e2   0x00000002   PAD
    0x080006e4   0x080006e4   0x00000218   Code   RO          164    i.ALL_PID_Init      pid.o
    0x080008fc   0x080008fc   0x00000168   Code   RO          611    i.Backward_         freertos.o
    0x08000a64   0x08000a64   0x00000138   Code   RO          612    i.Backward_Final_Task  freertos.o
    0x08000b9c   0x08000b9c   0x00000002   Code   RO         1028    i.BusFault_Handler  stm32f4xx_it.o
    0x08000b9e   0x08000b9e   0x00000002   PAD
    0x08000ba0   0x08000ba0   0x00000098   Code   RO          213    i.Calculate_Displacement  run.o
    0x08000c38   0x08000c38   0x00000038   Code   RO          214    i.Calculate_Position  run.o
    0x08000c70   0x08000c70   0x0000002c   Code   RO          215    i.Clear_Displacement  run.o
    0x08000c9c   0x08000c9c   0x0000006c   Code   RO          216    i.CopeSerial2Data   run.o
    0x08000d08   0x08000d08   0x0000000c   Code   RO         1029    i.DMA1_Stream1_IRQHandler  stm32f4xx_it.o
    0x08000d14   0x08000d14   0x0000000c   Code   RO         1030    i.DMA1_Stream5_IRQHandler  stm32f4xx_it.o
    0x08000d20   0x08000d20   0x0000000c   Code   RO         1031    i.DMA2_Stream1_IRQHandler  stm32f4xx_it.o
    0x08000d2c   0x08000d2c   0x0000000c   Code   RO         1032    i.DMA2_Stream2_IRQHandler  stm32f4xx_it.o
    0x08000d38   0x08000d38   0x0000000c   Code   RO         1033    i.DMA2_Stream7_IRQHandler  stm32f4xx_it.o
    0x08000d44   0x08000d44   0x00000028   Code   RO         1684    i.DMA_CalcBaseAndBitshift  stm32f4xx_hal_dma.o
    0x08000d6c   0x08000d6c   0x00000054   Code   RO         1685    i.DMA_CheckFifoParam  stm32f4xx_hal_dma.o
    0x08000dc0   0x08000dc0   0x00000028   Code   RO         1686    i.DMA_SetConfig     stm32f4xx_hal_dma.o
    0x08000de8   0x08000de8   0x00000002   Code   RO         1034    i.DebugMon_Handler  stm32f4xx_it.o
    0x08000dea   0x08000dea   0x00000002   PAD
    0x08000dec   0x08000dec   0x00000018   Code   RO          345    i.Distance_Calculate  hcsr04.o
    0x08000e04   0x08000e04   0x00000002   Code   RO          521    i.Error_Handler     main.o
    0x08000e06   0x08000e06   0x00000002   PAD
    0x08000e08   0x08000e08   0x00000174   Code   RO          613    i.Forward_          freertos.o
    0x08000f7c   0x08000f7c   0x000000b8   Code   RO          614    i.GoIn              freertos.o
    0x08001034   0x08001034   0x000000d4   Code   RO          615    i.GoOut             freertos.o
    0x08001108   0x08001108   0x0000008e   Code   RO         1687    i.HAL_DMA_Abort     stm32f4xx_hal_dma.o
    0x08001196   0x08001196   0x00000024   Code   RO         1688    i.HAL_DMA_Abort_IT  stm32f4xx_hal_dma.o
    0x080011ba   0x080011ba   0x00000002   PAD
    0x080011bc   0x080011bc   0x000001a0   Code   RO         1692    i.HAL_DMA_IRQHandler  stm32f4xx_hal_dma.o
    0x0800135c   0x0800135c   0x000000d4   Code   RO         1693    i.HAL_DMA_Init      stm32f4xx_hal_dma.o
    0x08001430   0x08001430   0x0000006e   Code   RO         1697    i.HAL_DMA_Start_IT  stm32f4xx_hal_dma.o
    0x0800149e   0x0800149e   0x00000002   PAD
    0x080014a0   0x080014a0   0x00000024   Code   RO         2106    i.HAL_Delay         stm32f4xx_hal.o
    0x080014c4   0x080014c4   0x000001b8   Code   RO         1580    i.HAL_GPIO_Init     stm32f4xx_hal_gpio.o
    0x0800167c   0x0800167c   0x0000000a   Code   RO         1584    i.HAL_GPIO_WritePin  stm32f4xx_hal_gpio.o
    0x08001686   0x08001686   0x00000002   PAD
    0x08001688   0x08001688   0x0000000c   Code   RO         2112    i.HAL_GetTick       stm32f4xx_hal.o
    0x08001694   0x08001694   0x00000010   Code   RO         2118    i.HAL_IncTick       stm32f4xx_hal.o
    0x080016a4   0x080016a4   0x00000034   Code   RO         2119    i.HAL_Init          stm32f4xx_hal.o
    0x080016d8   0x080016d8   0x00000074   Code   RO         1186    i.HAL_InitTick      stm32f4xx_hal_timebase_tim.o
    0x0800174c   0x0800174c   0x00000030   Code   RO         1162    i.HAL_MspInit       stm32f4xx_hal_msp.o
    0x0800177c   0x0800177c   0x0000001a   Code   RO         1969    i.HAL_NVIC_EnableIRQ  stm32f4xx_hal_cortex.o
    0x08001796   0x08001796   0x00000002   PAD
    0x08001798   0x08001798   0x00000040   Code   RO         1975    i.HAL_NVIC_SetPriority  stm32f4xx_hal_cortex.o
    0x080017d8   0x080017d8   0x00000024   Code   RO         1976    i.HAL_NVIC_SetPriorityGrouping  stm32f4xx_hal_cortex.o
    0x080017fc   0x080017fc   0x0000013c   Code   RO         1331    i.HAL_RCCEx_PeriphCLKConfig  stm32f4xx_hal_rcc_ex.o
    0x08001938   0x08001938   0x00000134   Code   RO         1226    i.HAL_RCC_ClockConfig  stm32f4xx_hal_rcc.o
    0x08001a6c   0x08001a6c   0x00000040   Code   RO         1230    i.HAL_RCC_GetClockConfig  stm32f4xx_hal_rcc.o
    0x08001aac   0x08001aac   0x00000020   Code   RO         1233    i.HAL_RCC_GetPCLK1Freq  stm32f4xx_hal_rcc.o
    0x08001acc   0x08001acc   0x00000020   Code   RO         1234    i.HAL_RCC_GetPCLK2Freq  stm32f4xx_hal_rcc.o
    0x08001aec   0x08001aec   0x00000060   Code   RO         1235    i.HAL_RCC_GetSysClockFreq  stm32f4xx_hal_rcc.o
    0x08001b4c   0x08001b4c   0x0000035c   Code   RO         1238    i.HAL_RCC_OscConfig  stm32f4xx_hal_rcc.o
    0x08001ea8   0x08001ea8   0x00000002   Code   RO         3034    i.HAL_TIMEx_BreakCallback  stm32f4xx_hal_tim_ex.o
    0x08001eaa   0x08001eaa   0x00000002   Code   RO         3035    i.HAL_TIMEx_CommutCallback  stm32f4xx_hal_tim_ex.o
    0x08001eac   0x08001eac   0x00000054   Code   RO         3037    i.HAL_TIMEx_ConfigBreakDeadTime  stm32f4xx_hal_tim_ex.o
    0x08001f00   0x08001f00   0x00000090   Code   RO         3052    i.HAL_TIMEx_MasterConfigSynchronization  stm32f4xx_hal_tim_ex.o
    0x08001f90   0x08001f90   0x00000036   Code   RO         2359    i.HAL_TIM_Base_Init  stm32f4xx_hal_tim.o
    0x08001fc6   0x08001fc6   0x00000002   PAD
    0x08001fc8   0x08001fc8   0x0000015c   Code   RO          837    i.HAL_TIM_Base_MspInit  tim.o
    0x08002124   0x08002124   0x00000022   Code   RO         2364    i.HAL_TIM_Base_Start_IT  stm32f4xx_hal_tim.o
    0x08002146   0x08002146   0x00000098   Code   RO         2377    i.HAL_TIM_Encoder_Init  stm32f4xx_hal_tim.o
    0x080021de   0x080021de   0x00000002   PAD
    0x080021e0   0x080021e0   0x00000130   Code   RO          839    i.HAL_TIM_Encoder_MspInit  tim.o
    0x08002310   0x08002310   0x00000034   Code   RO         2380    i.HAL_TIM_Encoder_Start  stm32f4xx_hal_tim.o
    0x08002344   0x08002344   0x000000b0   Code   RO          346    i.HAL_TIM_IC_CaptureCallback  hcsr04.o
    0x080023f4   0x080023f4   0x0000011e   Code   RO         2390    i.HAL_TIM_IC_ConfigChannel  stm32f4xx_hal_tim.o
    0x08002512   0x08002512   0x00000036   Code   RO         2393    i.HAL_TIM_IC_Init   stm32f4xx_hal_tim.o
    0x08002548   0x08002548   0x00000002   Code   RO         2395    i.HAL_TIM_IC_MspInit  stm32f4xx_hal_tim.o
    0x0800254a   0x0800254a   0x00000056   Code   RO         2398    i.HAL_TIM_IC_Start_IT  stm32f4xx_hal_tim.o
    0x080025a0   0x080025a0   0x00000166   Code   RO         2402    i.HAL_TIM_IRQHandler  stm32f4xx_hal_tim.o
    0x08002706   0x08002706   0x00000002   PAD
    0x08002708   0x08002708   0x00000088   Code   RO          840    i.HAL_TIM_MspPostInit  tim.o
    0x08002790   0x08002790   0x00000002   Code   RO         2405    i.HAL_TIM_OC_DelayElapsedCallback  stm32f4xx_hal_tim.o
    0x08002792   0x08002792   0x000000d0   Code   RO         2426    i.HAL_TIM_PWM_ConfigChannel  stm32f4xx_hal_tim.o
    0x08002862   0x08002862   0x00000036   Code   RO         2429    i.HAL_TIM_PWM_Init  stm32f4xx_hal_tim.o
    0x08002898   0x08002898   0x00000068   Code   RO          842    i.HAL_TIM_PWM_MspInit  tim.o
    0x08002900   0x08002900   0x00000002   Code   RO         2432    i.HAL_TIM_PWM_PulseFinishedCallback  stm32f4xx_hal_tim.o
    0x08002902   0x08002902   0x00000002   PAD
    0x08002904   0x08002904   0x00000044   Code   RO         2434    i.HAL_TIM_PWM_Start  stm32f4xx_hal_tim.o
    0x08002948   0x08002948   0x00000014   Code   RO          522    i.HAL_TIM_PeriodElapsedCallback  main.o
    0x0800295c   0x0800295c   0x0000002a   Code   RO         2442    i.HAL_TIM_ReadCapturedValue  stm32f4xx_hal_tim.o
    0x08002986   0x08002986   0x00000002   Code   RO         2445    i.HAL_TIM_TriggerCallback  stm32f4xx_hal_tim.o
    0x08002988   0x08002988   0x00000058   Code   RO         3304    i.HAL_UART_DMAStop  stm32f4xx_hal_uart.o
    0x080029e0   0x080029e0   0x00000002   Code   RO         3306    i.HAL_UART_ErrorCallback  stm32f4xx_hal_uart.o
    0x080029e2   0x080029e2   0x00000002   PAD
    0x080029e4   0x080029e4   0x00000114   Code   RO         3309    i.HAL_UART_IRQHandler  stm32f4xx_hal_uart.o
    0x08002af8   0x08002af8   0x00000062   Code   RO         3310    i.HAL_UART_Init     stm32f4xx_hal_uart.o
    0x08002b5a   0x08002b5a   0x00000002   PAD
    0x08002b5c   0x08002b5c   0x000002c4   Code   RO          963    i.HAL_UART_MspInit  usart.o
    0x08002e20   0x08002e20   0x00000098   Code   RO         3314    i.HAL_UART_Receive_DMA  stm32f4xx_hal_uart.o
    0x08002eb8   0x08002eb8   0x00000052   Code   RO         3315    i.HAL_UART_Receive_IT  stm32f4xx_hal_uart.o
    0x08002f0a   0x08002f0a   0x00000002   PAD
    0x08002f0c   0x08002f0c   0x0000001c   Code   RO          217    i.HAL_UART_RxCpltCallback  run.o
    0x08002f28   0x08002f28   0x00000002   Code   RO         3317    i.HAL_UART_RxHalfCpltCallback  stm32f4xx_hal_uart.o
    0x08002f2a   0x08002f2a   0x000000ba   Code   RO         3318    i.HAL_UART_Transmit  stm32f4xx_hal_uart.o
    0x08002fe4   0x08002fe4   0x00000002   Code   RO         3321    i.HAL_UART_TxCpltCallback  stm32f4xx_hal_uart.o
    0x08002fe6   0x08002fe6   0x00000002   PAD
    0x08002fe8   0x08002fe8   0x00000050   Code   RO          616    i.HCSRAProcess      freertos.o
    0x08003038   0x08003038   0x00000054   Code   RO          617    i.HCSRBProcess      freertos.o
    0x0800308c   0x0800308c   0x000000b4   Code   RO          347    i.HCSR_Process      hcsr04.o
    0x08003140   0x08003140   0x00000002   Code   RO         1035    i.HardFault_Handler  stm32f4xx_it.o
    0x08003142   0x08003142   0x00000002   PAD
    0x08003144   0x08003144   0x0000004c   Code   RO          413    i.LASER1_RX_Calc    bsp_laser.o
    0x08003190   0x08003190   0x0000004c   Code   RO          414    i.LASER2_RX_Calc    bsp_laser.o
    0x080031dc   0x080031dc   0x00000020   Code   RO          415    i.LASER_1_Init      bsp_laser.o
    0x080031fc   0x080031fc   0x00000020   Code   RO          416    i.LASER_2_Init      bsp_laser.o
    0x0800321c   0x0800321c   0x0000007c   Code   RO          812    i.MX_DMA_Init       dma.o
    0x08003298   0x08003298   0x000003e8   Code   RO          618    i.MX_FREERTOS_Init  freertos.o
    0x08003680   0x08003680   0x00000110   Code   RO          587    i.MX_GPIO_Init      gpio.o
    0x08003790   0x08003790   0x00000060   Code   RO          843    i.MX_TIM10_Init     tim.o
    0x080037f0   0x080037f0   0x00000060   Code   RO          844    i.MX_TIM11_Init     tim.o
    0x08003850   0x08003850   0x0000006c   Code   RO          845    i.MX_TIM12_Init     tim.o
    0x080038bc   0x080038bc   0x00000060   Code   RO          846    i.MX_TIM13_Init     tim.o
    0x0800391c   0x0800391c   0x00000060   Code   RO          847    i.MX_TIM14_Init     tim.o
    0x0800397c   0x0800397c   0x000000d0   Code   RO          848    i.MX_TIM1_Init      tim.o
    0x08003a4c   0x08003a4c   0x00000068   Code   RO          849    i.MX_TIM2_Init      tim.o
    0x08003ab4   0x08003ab4   0x0000006c   Code   RO          850    i.MX_TIM3_Init      tim.o
    0x08003b20   0x08003b20   0x0000006c   Code   RO          851    i.MX_TIM4_Init      tim.o
    0x08003b8c   0x08003b8c   0x0000006c   Code   RO          852    i.MX_TIM5_Init      tim.o
    0x08003bf8   0x08003bf8   0x00000038   Code   RO          964    i.MX_USART1_UART_Init  usart.o
    0x08003c30   0x08003c30   0x00000038   Code   RO          965    i.MX_USART2_UART_Init  usart.o
    0x08003c68   0x08003c68   0x00000038   Code   RO          966    i.MX_USART3_UART_Init  usart.o
    0x08003ca0   0x08003ca0   0x00000038   Code   RO          967    i.MX_USART6_UART_Init  usart.o
    0x08003cd8   0x08003cd8   0x00000002   Code   RO         1036    i.MemManage_Handler  stm32f4xx_it.o
    0x08003cda   0x08003cda   0x00000002   Code   RO         1037    i.NMI_Handler       stm32f4xx_it.o
    0x08003cdc   0x08003cdc   0x00000020   Code   RO          218    i.OpenMV_Init       run.o
    0x08003cfc   0x08003cfc   0x00000178   Code   RO          619    i.OpenMV_Process_Task  freertos.o
    0x08003e74   0x08003e74   0x0000004c   Code   RO          165    i.PIDInit           pid.o
    0x08003ec0   0x08003ec0   0x000000b8   Code   RO          166    i.PID_Position      pid.o
    0x08003f78   0x08003f78   0x000000b4   Code   RO          167    i.PID_Position_float  pid.o
    0x0800402c   0x0800402c   0x00000030   Code   RO          620    i.ReadHWT101        freertos.o
    0x0800405c   0x0800405c   0x00000128   Code   RO          621    i.RunTask           freertos.o
    0x08004184   0x08004184   0x000000c8   Code   RO          622    i.Servo_Task        freertos.o
    0x0800424c   0x0800424c   0x00000140   Code   RO          623    i.Shift_Final_Task  freertos.o
    0x0800438c   0x0800438c   0x000000dc   Code   RO          624    i.Shift_Head_Task   freertos.o
    0x08004468   0x08004468   0x000000e0   Code   RO          625    i.Shift_Tail_Task   freertos.o
    0x08004548   0x08004548   0x00000068   Code   RO          626    i.StartISR          freertos.o
    0x080045b0   0x080045b0   0x0000007c   Code   RO          627    i.StepManager       freertos.o
    0x0800462c   0x0800462c   0x00000078   Code   RO          219    i.Step_Sequence_PlanB  run.o
    0x080046a4   0x080046a4   0x0000002c   Code   RO         4855    i.SysTick_Handler   port.o
    0x080046d0   0x080046d0   0x000000a0   Code   RO          523    i.SystemClock_Config  main.o
    0x08004770   0x08004770   0x0000001c   Code   RO         3612    i.SystemInit        system_stm32f4xx.o
    0x0800478c   0x0800478c   0x0000001c   Code   RO         1038    i.TIM1_TRG_COM_TIM11_IRQHandler  stm32f4xx_it.o
    0x080047a8   0x080047a8   0x0000001c   Code   RO         1039    i.TIM1_UP_TIM10_IRQHandler  stm32f4xx_it.o
    0x080047c4   0x080047c4   0x0000000c   Code   RO         1040    i.TIM6_DAC_IRQHandler  stm32f4xx_it.o
    0x080047d0   0x080047d0   0x0000000c   Code   RO         1041    i.TIM8_TRG_COM_TIM14_IRQHandler  stm32f4xx_it.o
    0x080047dc   0x080047dc   0x0000000c   Code   RO         1042    i.TIM8_UP_TIM13_IRQHandler  stm32f4xx_it.o
    0x080047e8   0x080047e8   0x000000c8   Code   RO         2447    i.TIM_Base_SetConfig  stm32f4xx_hal_tim.o
    0x080048b0   0x080048b0   0x0000001a   Code   RO         2448    i.TIM_CCxChannelCmd  stm32f4xx_hal_tim.o
    0x080048ca   0x080048ca   0x00000002   PAD
    0x080048cc   0x080048cc   0x00000060   Code   RO         2460    i.TIM_OC1_SetConfig  stm32f4xx_hal_tim.o
    0x0800492c   0x0800492c   0x0000006c   Code   RO         2461    i.TIM_OC2_SetConfig  stm32f4xx_hal_tim.o
    0x08004998   0x08004998   0x00000068   Code   RO         2462    i.TIM_OC3_SetConfig  stm32f4xx_hal_tim.o
    0x08004a00   0x08004a00   0x00000050   Code   RO         2463    i.TIM_OC4_SetConfig  stm32f4xx_hal_tim.o
    0x08004a50   0x08004a50   0x00000080   Code   RO         2466    i.TIM_TI1_SetConfig  stm32f4xx_hal_tim.o
    0x08004ad0   0x08004ad0   0x00000036   Code   RO         2468    i.TIM_TI2_SetConfig  stm32f4xx_hal_tim.o
    0x08004b06   0x08004b06   0x00000002   PAD
    0x08004b08   0x08004b08   0x00000094   Code   RO          628    i.Turn0_To_90       freertos.o
    0x08004b9c   0x08004b9c   0x00000088   Code   RO          629    i.Turn90_To_0       freertos.o
    0x08004c24   0x08004c24   0x000000a4   Code   RO          630    i.Turn_0To_180_Task  freertos.o
    0x08004cc8   0x08004cc8   0x00000094   Code   RO          631    i.Turn_I90_To_Zero  freertos.o
    0x08004d5c   0x08004d5c   0x00000080   Code   RO          632    i.Turn_Zero_To_I90_Task  freertos.o
    0x08004ddc   0x08004ddc   0x00000010   Code   RO         3323    i.UART_DMAAbortOnError  stm32f4xx_hal_uart.o
    0x08004dec   0x08004dec   0x0000004a   Code   RO         3324    i.UART_DMAError     stm32f4xx_hal_uart.o
    0x08004e36   0x08004e36   0x0000003c   Code   RO         3325    i.UART_DMAReceiveCplt  stm32f4xx_hal_uart.o
    0x08004e72   0x08004e72   0x0000000a   Code   RO         3327    i.UART_DMARxHalfCplt  stm32f4xx_hal_uart.o
    0x08004e7c   0x08004e7c   0x0000001c   Code   RO         3333    i.UART_EndRxTransfer  stm32f4xx_hal_uart.o
    0x08004e98   0x08004e98   0x00000012   Code   RO         3334    i.UART_EndTxTransfer  stm32f4xx_hal_uart.o
    0x08004eaa   0x08004eaa   0x00000096   Code   RO         3335    i.UART_Receive_IT   stm32f4xx_hal_uart.o
    0x08004f40   0x08004f40   0x00000128   Code   RO         3336    i.UART_SetConfig    stm32f4xx_hal_uart.o
    0x08005068   0x08005068   0x00000062   Code   RO         3337    i.UART_Transmit_IT  stm32f4xx_hal_uart.o
    0x080050ca   0x080050ca   0x00000064   Code   RO         3338    i.UART_WaitOnFlagUntilTimeout  stm32f4xx_hal_uart.o
    0x0800512e   0x0800512e   0x00000002   PAD
    0x08005130   0x08005130   0x0000000c   Code   RO         1043    i.USART1_IRQHandler  stm32f4xx_it.o
    0x0800513c   0x0800513c   0x0000004c   Code   RO         1044    i.USART2_IRQHandler  stm32f4xx_it.o
    0x08005188   0x08005188   0x00000054   Code   RO          417    i.USART3_IRQHandler  bsp_laser.o
    0x080051dc   0x080051dc   0x00000054   Code   RO          418    i.USART6_IRQHandler  bsp_laser.o
    0x08005230   0x08005230   0x00000028   Code   RO          348    i.Ultrasonic_Trig_A  hcsr04.o
    0x08005258   0x08005258   0x00000016   Code   RO          349    i.Ultrasonic_Trig_ALL  hcsr04.o
    0x0800526e   0x0800526e   0x00000002   PAD
    0x08005270   0x08005270   0x00000028   Code   RO          350    i.Ultrasonic_Trig_B  hcsr04.o
    0x08005298   0x08005298   0x00000028   Code   RO          351    i.Ultrasonic_Trig_C  hcsr04.o
    0x080052c0   0x080052c0   0x00000028   Code   RO          352    i.Ultrasonic_Trig_D  hcsr04.o
    0x080052e8   0x080052e8   0x00000002   Code   RO         1045    i.UsageFault_Handler  stm32f4xx_it.o
    0x080052ea   0x080052ea   0x00000002   PAD
    0x080052ec   0x080052ec   0x00000020   Code   RO         5011    i.__0printf$2       mc_w.l(printf2.o)
    0x0800530c   0x0800530c   0x00000020   Code   RO         1982    i.__NVIC_SetPriority  stm32f4xx_hal_cortex.o
    0x0800532c   0x0800532c   0x0000000e   Code   RO         5249    i.__scatterload_copy  mc_w.l(handlers.o)
    0x0800533a   0x0800533a   0x00000002   Code   RO         5250    i.__scatterload_null  mc_w.l(handlers.o)
    0x0800533c   0x0800533c   0x0000000e   Code   RO         5251    i.__scatterload_zeroinit  mc_w.l(handlers.o)
    0x0800534a   0x0800534a   0x000000d6   Code   RO         5018    i._printf_core      mc_w.l(printf2.o)
    0x08005420   0x08005420   0x00000018   Code   RO          633    i.absolute          freertos.o
    0x08005438   0x08005438   0x00000054   Code   RO           13    i.amp_confine       motion_control.o
    0x0800548c   0x0800548c   0x00000018   Code   RO          968    i.fputc             usart.o
    0x080054a4   0x080054a4   0x0000000c   Code   RO         4424    i.inHandlerMode     cmsis_os.o
    0x080054b0   0x080054b0   0x00000054   Code   RO           14    i.kinematic_analysis  motion_control.o
    0x08005504   0x08005504   0x000000c8   Code   RO          524    i.main              main.o
    0x080055cc   0x080055cc   0x0000000c   Code   RO         4426    i.makeFreeRtosPriority  cmsis_os.o
    0x080055d8   0x080055d8   0x000000d0   Code   RO          634    i.openmv_walk_task  freertos.o
    0x080056a8   0x080056a8   0x0000000e   Code   RO         4428    i.osDelay           cmsis_os.o
    0x080056b6   0x080056b6   0x0000000e   Code   RO         4429    i.osDelayUntil      cmsis_os.o
    0x080056c4   0x080056c4   0x0000000a   Code   RO         4431    i.osKernelStart     cmsis_os.o
    0x080056ce   0x080056ce   0x00000018   Code   RO         4432    i.osKernelSysTick   cmsis_os.o
    0x080056e6   0x080056e6   0x0000003e   Code   RO         4457    i.osSemaphoreCreate  cmsis_os.o
    0x08005724   0x08005724   0x00000050   Code   RO         4460    i.osSemaphoreRelease  cmsis_os.o
    0x08005774   0x08005774   0x00000064   Code   RO         4461    i.osSemaphoreWait   cmsis_os.o
    0x080057d8   0x080057d8   0x00000054   Code   RO         4465    i.osThreadCreate    cmsis_os.o
    0x0800582c   0x0800582c   0x0000000a   Code   RO         4474    i.osThreadTerminate  cmsis_os.o
    0x08005836   0x08005836   0x00000002   PAD
    0x08005838   0x08005838   0x00000070   Code   RO         4114    i.prvAddCurrentTaskToDelayedList  tasks.o
    0x080058a8   0x080058a8   0x000000d0   Code   RO         4115    i.prvAddNewTaskToReadyList  tasks.o
    0x08005978   0x08005978   0x00000026   Code   RO         3790    i.prvCopyDataFromQueue  queue.o
    0x0800599e   0x0800599e   0x0000006c   Code   RO         3791    i.prvCopyDataToQueue  queue.o
    0x08005a0a   0x08005a0a   0x00000034   Code   RO         4116    i.prvDeleteTCB      tasks.o
    0x08005a3e   0x08005a3e   0x00000002   PAD
    0x08005a40   0x08005a40   0x0000004c   Code   RO         4793    i.prvHeapInit       heap_4.o
    0x08005a8c   0x08005a8c   0x00000060   Code   RO         4117    i.prvIdleTask       tasks.o
    0x08005aec   0x08005aec   0x00000016   Code   RO         3793    i.prvInitialiseNewQueue  queue.o
    0x08005b02   0x08005b02   0x00000002   PAD
    0x08005b04   0x08005b04   0x000000b0   Code   RO         4118    i.prvInitialiseNewTask  tasks.o
    0x08005bb4   0x08005bb4   0x0000004c   Code   RO         4794    i.prvInsertBlockIntoFreeList  heap_4.o
    0x08005c00   0x08005c00   0x0000001c   Code   RO         3794    i.prvIsQueueEmpty   queue.o
    0x08005c1c   0x08005c1c   0x00000020   Code   RO         4119    i.prvResetNextTaskUnblockTime  tasks.o
    0x08005c3c   0x08005c3c   0x00000028   Code   RO         4856    i.prvTaskExitError  port.o
    0x08005c64   0x08005c64   0x00000034   Code   RO         4120    i.prvTaskIsTaskSuspended  tasks.o
    0x08005c98   0x08005c98   0x0000006a   Code   RO         3795    i.prvUnlockQueue    queue.o
    0x08005d02   0x08005d02   0x00000002   PAD
    0x08005d04   0x08005d04   0x000000d8   Code   RO         4795    i.pvPortMalloc      heap_4.o
    0x08005ddc   0x08005ddc   0x00000018   Code   RO         4121    i.pvTaskIncrementMutexHeldCount  tasks.o
    0x08005df4   0x08005df4   0x0000002c   Code   RO         4857    i.pxPortInitialiseStack  port.o
    0x08005e20   0x08005e20   0x00000040   Code   RO           16    i.read_encoder      motion_control.o
    0x08005e60   0x08005e60   0x0000011c   Code   RO           17    i.set_ccr           motion_control.o
    0x08005f7c   0x08005f7c   0x00000026   Code   RO         3750    i.uxListRemove      list.o
    0x08005fa2   0x08005fa2   0x00000002   PAD
    0x08005fa4   0x08005fa4   0x00000014   Code   RO          635    i.vApplicationGetIdleTaskMemory  freertos.o
    0x08005fb8   0x08005fb8   0x0000001c   Code   RO          636    i.vApplicationStackOverflowHook  freertos.o
    0x08005fd4   0x08005fd4   0x00000016   Code   RO         3751    i.vListInitialise   list.o
    0x08005fea   0x08005fea   0x00000006   Code   RO         3752    i.vListInitialiseItem  list.o
    0x08005ff0   0x08005ff0   0x00000030   Code   RO         3753    i.vListInsert       list.o
    0x08006020   0x08006020   0x00000018   Code   RO         3754    i.vListInsertEnd    list.o
    0x08006038   0x08006038   0x00000040   Code   RO         4859    i.vPortEnterCritical  port.o
    0x08006078   0x08006078   0x00000028   Code   RO         4860    i.vPortExitCritical  port.o
    0x080060a0   0x080060a0   0x0000005c   Code   RO         4796    i.vPortFree         heap_4.o
    0x080060fc   0x080060fc   0x00000024   Code   RO         4861    i.vPortSetupTimerInterrupt  port.o
    0x08006120   0x08006120   0x00000054   Code   RO         4862    i.vPortValidateInterruptPriority  port.o
    0x08006174   0x08006174   0x0000004c   Code   RO         4127    i.vTaskDelay        tasks.o
    0x080061c0   0x080061c0   0x0000008c   Code   RO         4128    i.vTaskDelayUntil   tasks.o
    0x0800624c   0x0800624c   0x000000ac   Code   RO         4129    i.vTaskDelete       tasks.o
    0x080062f8   0x080062f8   0x00000010   Code   RO         4131    i.vTaskInternalSetTimeOutState  tasks.o
    0x08006308   0x08006308   0x0000000c   Code   RO         4132    i.vTaskMissedYield  tasks.o
    0x08006314   0x08006314   0x00000030   Code   RO         4134    i.vTaskPlaceOnEventList  tasks.o
    0x08006344   0x08006344   0x000000a8   Code   RO         4136    i.vTaskPriorityDisinheritAfterTimeout  tasks.o
    0x080063ec   0x080063ec   0x0000007c   Code   RO         4139    i.vTaskResume       tasks.o
    0x08006468   0x08006468   0x0000006c   Code   RO         4141    i.vTaskStartScheduler  tasks.o
    0x080064d4   0x080064d4   0x000000bc   Code   RO         4142    i.vTaskSuspend      tasks.o
    0x08006590   0x08006590   0x00000010   Code   RO         4143    i.vTaskSuspendAll   tasks.o
    0x080065a0   0x080065a0   0x00000088   Code   RO         4144    i.vTaskSwitchContext  tasks.o
    0x08006628   0x08006628   0x000000f4   Code   RO         4863    i.xPortStartScheduler  port.o
    0x0800671c   0x0800671c   0x00000048   Code   RO         3804    i.xQueueGenericCreate  queue.o
    0x08006764   0x08006764   0x00000066   Code   RO         3805    i.xQueueGenericCreateStatic  queue.o
    0x080067ca   0x080067ca   0x00000002   PAD
    0x080067cc   0x080067cc   0x00000088   Code   RO         3806    i.xQueueGenericReset  queue.o
    0x08006854   0x08006854   0x00000160   Code   RO         3807    i.xQueueGenericSend  queue.o
    0x080069b4   0x080069b4   0x0000009c   Code   RO         3809    i.xQueueGiveFromISR  queue.o
    0x08006a50   0x08006a50   0x0000009a   Code   RO         3815    i.xQueueReceiveFromISR  queue.o
    0x08006aea   0x08006aea   0x00000002   PAD
    0x08006aec   0x08006aec   0x00000178   Code   RO         3816    i.xQueueSemaphoreTake  queue.o
    0x08006c64   0x08006c64   0x00000074   Code   RO         4145    i.xTaskCheckForTimeOut  tasks.o
    0x08006cd8   0x08006cd8   0x0000005a   Code   RO         4146    i.xTaskCreate       tasks.o
    0x08006d32   0x08006d32   0x00000056   Code   RO         4147    i.xTaskCreateStatic  tasks.o
    0x08006d88   0x08006d88   0x0000001c   Code   RO         4151    i.xTaskGetSchedulerState  tasks.o
    0x08006da4   0x08006da4   0x0000000c   Code   RO         4152    i.xTaskGetTickCount  tasks.o
    0x08006db0   0x08006db0   0x00000010   Code   RO         4153    i.xTaskGetTickCountFromISR  tasks.o
    0x08006dc0   0x08006dc0   0x000000c8   Code   RO         4154    i.xTaskIncrementTick  tasks.o
    0x08006e88   0x08006e88   0x00000098   Code   RO         4157    i.xTaskPriorityDisinherit  tasks.o
    0x08006f20   0x08006f20   0x00000094   Code   RO         4158    i.xTaskPriorityInherit  tasks.o
    0x08006fb4   0x08006fb4   0x00000074   Code   RO         4159    i.xTaskRemoveFromEventList  tasks.o
    0x08007028   0x08007028   0x000000c4   Code   RO         4160    i.xTaskResumeAll    tasks.o
    0x080070ec   0x080070ec   0x00000268   Data   RO          638    .constdata          freertos.o
    0x08007354   0x08007354   0x00000008   Data   RO         1699    .constdata          stm32f4xx_hal_dma.o
    0x0800735c   0x0800735c   0x00000010   Data   RO         3613    .constdata          system_stm32f4xx.o
    0x0800736c   0x0800736c   0x00000008   Data   RO         3614    .constdata          system_stm32f4xx.o
    0x08007374   0x08007374   0x00000117   Data   RO          639    .conststring        freertos.o
    0x0800748b   0x0800748b   0x00000001   PAD
    0x0800748c   0x0800748c   0x00000020   Data   RO         5247    Region$$Table       anon$$obj.o


    Execution Region RW_IRAM2 (Exec base: 0x10000000, Load base: 0x080074c4, Size: 0x00000000, Max: 0x00010000, ABSOLUTE)

    **** No section assigned to this execution region ****


    Execution Region RW_IRAM1 (Exec base: 0x20000000, Load base: 0x080074ac, Size: 0x000050f0, Max: 0x00020000, ABSOLUTE, COMPRESSED[0x00000018])

    Exec Addr    Load Addr    Size         Type   Attr      Idx    E Section Name        Object

    0x20000000   COMPRESSED   0x0000002a   Data   RW           18    .data               motion_control.o
    0x2000002a   COMPRESSED   0x00000002   PAD
    0x2000002c   COMPRESSED   0x00000008   Data   RW          169    .data               pid.o
    0x20000034   COMPRESSED   0x00000001   Data   RW          221    .data               run.o
    0x20000035   COMPRESSED   0x00000001   PAD
    0x20000036   COMPRESSED   0x00000002   Data   RW          222    .data               run.o
    0x20000038   COMPRESSED   0x00000001   Data   RW          223    .data               run.o
    0x20000039   COMPRESSED   0x00000007   PAD
    0x20000040   COMPRESSED   0x00000028   Data   RW          224    .data               run.o
    0x20000068   COMPRESSED   0x00000001   Data   RW          225    .data               run.o
    0x20000069   COMPRESSED   0x00000001   PAD
    0x2000006a   COMPRESSED   0x00000002   Data   RW          226    .data               run.o
    0x2000006c   COMPRESSED   0x00000002   Data   RW          227    .data               run.o
    0x2000006e   COMPRESSED   0x00000002   Data   RW          228    .data               run.o
    0x20000070   COMPRESSED   0x00000004   Data   RW          229    .data               run.o
    0x20000074   COMPRESSED   0x00000001   Data   RW          230    .data               run.o
    0x20000075   COMPRESSED   0x00000001   PAD
    0x20000076   COMPRESSED   0x00000008   Data   RW          420    .data               bsp_laser.o
    0x2000007e   COMPRESSED   0x00000002   PAD
    0x20000080   COMPRESSED   0x000000bc   Data   RW          640    .data               freertos.o
    0x2000013c   COMPRESSED   0x0000000c   Data   RW         2126    .data               stm32f4xx_hal.o
    0x20000148   COMPRESSED   0x00000004   Data   RW         3615    .data               system_stm32f4xx.o
    0x2000014c   COMPRESSED   0x0000003c   Data   RW         4163    .data               tasks.o
    0x20000188   COMPRESSED   0x00000018   Data   RW         4801    .data               heap_4.o
    0x200001a0   COMPRESSED   0x0000000c   Data   RW         4864    .data               port.o
    0x200001ac   COMPRESSED   0x00000004   Data   RW         5229    .data               mc_w.l(stdout.o)
    0x200001b0        -       0x00000440   Zero   RW          168    .bss                pid.o
    0x200005f0        -       0x00000116   Zero   RW          220    .bss                run.o
    0x20000706   COMPRESSED   0x00000002   PAD
    0x20000708        -       0x00000080   Zero   RW          353    .bss                hcsr04.o
    0x20000788        -       0x00000080   Zero   RW          419    .bss                bsp_laser.o
    0x20000808        -       0x00000254   Zero   RW          637    .bss                freertos.o
    0x20000a5c        -       0x00000280   Zero   RW          853    .bss                tim.o
    0x20000cdc        -       0x000002e0   Zero   RW          969    .bss                usart.o
    0x20000fbc        -       0x00000040   Zero   RW         1189    .bss                stm32f4xx_hal_timebase_tim.o
    0x20000ffc        -       0x000000f0   Zero   RW         4162    .bss                tasks.o
    0x200010ec        -       0x00003c00   Zero   RW         4800    .bss                heap_4.o
    0x20004cec   COMPRESSED   0x00000004   PAD
    0x20004cf0        -       0x00000400   Zero   RW            1    STACK               startup_stm32f407xx.o


==============================================================================

Image component sizes


      Code (inc. data)   RO Data    RW Data    ZI Data      Debug   Object Name

       384         52          0          8        128       4301   bsp_laser.o
       422         10          0          0          0      33093   cmsis_os.o
       124          4          0          0          0        826   dma.o
         0          0          0          0          0      18776   event_groups.o
      5520        906        895        188        596      25944   freertos.o
       272         18          0          0          0       1123   gpio.o
       562         66          0          0        128       6381   hcsr04.o
       460         24          0         24      15360       7259   heap_4.o
       138          0          0          0          0       3494   list.o
       382         40          0          0          0       2764   main.o
       516         38          0         42          0     688489   motion_control.o
       976         68          0          8       1088       4360   pid.o
       786         82          0         12          0      11845   port.o
      1650         14          0          0          0      18004   queue.o
       540        124          0         56        278      38464   run.o
        36          8        392          0       1024        828   startup_stm32f407xx.o
       116         18          0         12          0       8662   stm32f4xx_hal.o
       158         14          0          0          0      33114   stm32f4xx_hal_cortex.o
      1080         16          8          0          0       7274   stm32f4xx_hal_dma.o
       450         46          0          0          0       2372   stm32f4xx_hal_gpio.o
        48          6          0          0          0        838   stm32f4xx_hal_msp.o
      1392         82          0          0          0       5829   stm32f4xx_hal_rcc.o
       316         20          0          0          0       1376   stm32f4xx_hal_rcc_ex.o
      2252        118          0          0          0      18974   stm32f4xx_hal_tim.o
       232         28          0          0          0       3233   stm32f4xx_hal_tim_ex.o
       116         16          0          0         64       1395   stm32f4xx_hal_timebase_tim.o
      1738         30          0          0          0      14179   stm32f4xx_hal_uart.o
       252         92          0          0          0       9410   stm32f4xx_it.o
         0          0          0          0          0        384   stream_buffer.o
        28          6         24          4          0       1131   system_stm32f4xx.o
      3116        234          0         60        240      33387   tasks.o
      2020        180          0          0        640      10067   tim.o
       956         86          0          0        736       4744   usart.o

    ----------------------------------------------------------------------
     27096       2446       1352        428      20288    1022320   Object Totals
         0          0         32          0          0          0   (incl. Generated)
        58          0          1         14          6          0   (incl. Padding)

    ----------------------------------------------------------------------

      Code (inc. data)   RO Data    RW Data    ZI Data      Debug   Library Member Name

        86          0          0          0          0          0   __dczerorl2.o
         0          0          0          0          0          0   entry.o
         0          0          0          0          0          0   entry10a.o
         0          0          0          0          0          0   entry11a.o
         8          4          0          0          0          0   entry2.o
         4          0          0          0          0          0   entry5.o
         0          0          0          0          0          0   entry7b.o
         0          0          0          0          0          0   entry8b.o
         8          4          0          0          0          0   entry9a.o
        30          0          0          0          0          0   handlers.o
        36          8          0          0          0         68   init.o
         0          0          0          0          0          0   iusefp.o
        30          0          0          0          0         68   llshl.o
        32          0          0          0          0         68   llushr.o
        36          0          0          0          0         68   memcpya.o
        36          0          0          0          0        108   memseta.o
       246         10          0          0          0        176   printf2.o
         0          0          0          4          0          0   stdout.o
        98          0          0          0          0         92   uldiv.o
        48          0          0          0          0         68   cdcmple.o
        48          0          0          0          0         68   cdrcmple.o
       222          0          0          0          0        100   ddiv.o
       186          0          0          0          0        176   depilogue.o
        34          0          0          0          0         76   dflti.o
       228          0          0          0          0         96   dmul.o

    ----------------------------------------------------------------------
      1420         26          0          4          0       1232   Library Totals
         4          0          0          0          0          0   (incl. Padding)

    ----------------------------------------------------------------------

      Code (inc. data)   RO Data    RW Data    ZI Data      Debug   Library Name

       650         26          0          4          0        648   mc_w.l
       766          0          0          0          0        584   mf_w.l

    ----------------------------------------------------------------------
      1420         26          0          4          0       1232   Library Totals

    ----------------------------------------------------------------------

==============================================================================


      Code (inc. data)   RO Data    RW Data    ZI Data      Debug   

     28516       2472       1352        432      20288    1000212   Grand Totals
     28516       2472       1352         24      20288    1000212   ELF Image Totals (compressed)
     28516       2472       1352         24          0          0   ROM Totals

==============================================================================

    Total RO  Size (Code + RO Data)                29868 (  29.17kB)
    Total RW  Size (RW Data + ZI Data)             20720 (  20.23kB)
    Total ROM Size (Code + RO Data + RW Data)      29892 (  29.19kB)

==============================================================================

